
 /----------------------------------------------------------------------------\
 |  yosys -- Yosys Open SYnthesis Suite                                       |
 |  Copyright (C) 2012 - 2025  Claire Xenia Wolf <claire@yosyshq.com>         |
 |  Distributed under an ISC-like license, type "license" to see terms        |
 \----------------------------------------------------------------------------/
 Yosys 0.52 (git sha1 fee39a3284c90249e1d9684cf6944ffbbcbb8f90)

-- Parsing `tmp.v' using frontend ` -vlog2k' --

1. Executing Verilog-2005 frontend: tmp.v
Parsing Verilog input from `tmp.v' to AST representation.
Storing AST representation for module `$abstract\regular_synchronous_memory'.
Storing AST representation for module `$abstract\secure_memory'.
Storing AST representation for module `$abstract\top'.
Successfully finished Verilog frontend.

-- Running command `synth_ecp5 -top top -json main.json' --

2. Executing SYNTH_ECP5 pass.

2.1. Executing Verilog-2005 frontend: /usr/bin/../share/yosys/ecp5/cells_sim.v
Parsing Verilog input from `/usr/bin/../share/yosys/ecp5/cells_sim.v' to AST representation.
Generating RTLIL representation for module `\LUT4'.
Generating RTLIL representation for module `\$__ABC9_LUT5'.
Generating RTLIL representation for module `\$__ABC9_LUT6'.
Generating RTLIL representation for module `\$__ABC9_LUT7'.
Generating RTLIL representation for module `\L6MUX21'.
Generating RTLIL representation for module `\CCU2C'.
Generating RTLIL representation for module `\TRELLIS_RAM16X2'.
Generating RTLIL representation for module `\PFUMX'.
Generating RTLIL representation for module `\TRELLIS_DPR16X4'.
Generating RTLIL representation for module `\DPR16X4C'.
Generating RTLIL representation for module `\LUT2'.
Generating RTLIL representation for module `\TRELLIS_FF'.
Generating RTLIL representation for module `\TRELLIS_IO'.
Generating RTLIL representation for module `\INV'.
Generating RTLIL representation for module `\TRELLIS_COMB'.
Generating RTLIL representation for module `\DP16KD'.
Generating RTLIL representation for module `\FD1P3AX'.
Generating RTLIL representation for module `\FD1P3AY'.
Generating RTLIL representation for module `\FD1P3BX'.
Generating RTLIL representation for module `\FD1P3DX'.
Generating RTLIL representation for module `\FD1P3IX'.
Generating RTLIL representation for module `\FD1P3JX'.
Generating RTLIL representation for module `\FD1S3AX'.
Generating RTLIL representation for module `\FD1S3AY'.
Generating RTLIL representation for module `\FD1S3BX'.
Generating RTLIL representation for module `\FD1S3DX'.
Generating RTLIL representation for module `\FD1S3IX'.
Generating RTLIL representation for module `\FD1S3JX'.
Generating RTLIL representation for module `\IFS1P3BX'.
Generating RTLIL representation for module `\IFS1P3DX'.
Generating RTLIL representation for module `\IFS1P3IX'.
Generating RTLIL representation for module `\IFS1P3JX'.
Generating RTLIL representation for module `\OFS1P3BX'.
Generating RTLIL representation for module `\OFS1P3DX'.
Generating RTLIL representation for module `\OFS1P3IX'.
Generating RTLIL representation for module `\OFS1P3JX'.
Generating RTLIL representation for module `\IB'.
Generating RTLIL representation for module `\IBPU'.
Generating RTLIL representation for module `\IBPD'.
Generating RTLIL representation for module `\OB'.
Generating RTLIL representation for module `\OBZ'.
Generating RTLIL representation for module `\OBZPU'.
Generating RTLIL representation for module `\OBZPD'.
Generating RTLIL representation for module `\OBCO'.
Generating RTLIL representation for module `\BB'.
Generating RTLIL representation for module `\BBPU'.
Generating RTLIL representation for module `\BBPD'.
Generating RTLIL representation for module `\ILVDS'.
Generating RTLIL representation for module `\OLVDS'.
Successfully finished Verilog frontend.

2.2. Executing Verilog-2005 frontend: /usr/bin/../share/yosys/ecp5/cells_bb.v
Parsing Verilog input from `/usr/bin/../share/yosys/ecp5/cells_bb.v' to AST representation.
Generating RTLIL representation for module `\MULT18X18D'.
Generating RTLIL representation for module `\ALU54B'.
Generating RTLIL representation for module `\EHXPLLL'.
Generating RTLIL representation for module `\DTR'.
Generating RTLIL representation for module `\OSCG'.
Generating RTLIL representation for module `\USRMCLK'.
Generating RTLIL representation for module `\JTAGG'.
Generating RTLIL representation for module `\DELAYF'.
Generating RTLIL representation for module `\DELAYG'.
Generating RTLIL representation for module `\IDDRX1F'.
Generating RTLIL representation for module `\IDDRX2F'.
Generating RTLIL representation for module `\IDDR71B'.
Generating RTLIL representation for module `\IDDRX2DQA'.
Generating RTLIL representation for module `\ODDRX1F'.
Generating RTLIL representation for module `\ODDRX2F'.
Generating RTLIL representation for module `\ODDR71B'.
Generating RTLIL representation for module `\OSHX2A'.
Generating RTLIL representation for module `\ODDRX2DQA'.
Generating RTLIL representation for module `\ODDRX2DQSB'.
Generating RTLIL representation for module `\TSHX2DQA'.
Generating RTLIL representation for module `\TSHX2DQSA'.
Generating RTLIL representation for module `\DQSBUFM'.
Generating RTLIL representation for module `\DDRDLLA'.
Generating RTLIL representation for module `\DLLDELD'.
Generating RTLIL representation for module `\CLKDIVF'.
Generating RTLIL representation for module `\ECLKSYNCB'.
Generating RTLIL representation for module `\ECLKBRIDGECS'.
Generating RTLIL representation for module `\DCCA'.
Generating RTLIL representation for module `\DCSC'.
Generating RTLIL representation for module `\DCUA'.
Generating RTLIL representation for module `\EXTREFB'.
Generating RTLIL representation for module `\PCSCLKDIV'.
Generating RTLIL representation for module `\PUR'.
Generating RTLIL representation for module `\GSR'.
Generating RTLIL representation for module `\SGSR'.
Generating RTLIL representation for module `\PDPW16KD'.
Successfully finished Verilog frontend.

2.3. Executing HIERARCHY pass (managing design hierarchy).

2.4. Executing AST frontend in derive mode using pre-parsed AST for module `\top'.
Generating RTLIL representation for module `\top'.

2.4.1. Analyzing design hierarchy..
Top module:  \top

2.4.2. Executing AST frontend in derive mode using pre-parsed AST for module `\secure_memory'.
Generating RTLIL representation for module `\secure_memory'.

2.4.3. Analyzing design hierarchy..
Top module:  \top
Used module:     \secure_memory

2.4.4. Executing AST frontend in derive mode using pre-parsed AST for module `\regular_synchronous_memory'.
Generating RTLIL representation for module `\regular_synchronous_memory'.

2.4.5. Analyzing design hierarchy..
Top module:  \top
Used module:     \secure_memory
Used module:         \regular_synchronous_memory

2.4.6. Analyzing design hierarchy..
Top module:  \top
Used module:     \secure_memory
Used module:         \regular_synchronous_memory
Removing unused module `$abstract\top'.
Removing unused module `$abstract\secure_memory'.
Removing unused module `$abstract\regular_synchronous_memory'.
Removed 3 unused modules.
Mapping positional arguments of cell secure_memory.mem (regular_synchronous_memory).

2.5. Executing PROC pass (convert processes to netlists).

2.5.1. Executing PROC_CLEAN pass (remove empty switches from decision trees).
Found and cleaned up 1 empty switch in `\TRELLIS_DPR16X4.$proc$/usr/bin/../share/yosys/ecp5/cells_sim.v:213$117'.
Cleaned up 1 empty switch.

2.5.2. Executing PROC_RMDEAD pass (remove dead branches from decision trees).
Marked 1 switch rules as full_case in process $proc$/usr/bin/../share/yosys/ecp5/cells_sim.v:350$224 in module TRELLIS_FF.
Marked 1 switch rules as full_case in process $proc$/usr/bin/../share/yosys/ecp5/cells_sim.v:285$176 in module DPR16X4C.
Marked 1 switch rules as full_case in process $proc$/usr/bin/../share/yosys/ecp5/cells_sim.v:221$118 in module TRELLIS_DPR16X4.
Removed a total of 0 dead cases.

2.5.3. Executing PROC_PRUNE pass (remove redundant assignments in processes).
Removed 0 redundant assignments.
Promoted 49 assignments to connections.

2.5.4. Executing PROC_INIT pass (extract init attributes).
Found init rule in `\TRELLIS_FF.$proc$/usr/bin/../share/yosys/ecp5/cells_sim.v:0$225'.
  Set init value: \Q = 1'0
Found init rule in `\top.$proc$tmp.v:68$239'.
  Set init value: \chall_secmem_clk_counter = 0
Found init rule in `\top.$proc$tmp.v:67$238'.
  Set init value: \chall_secmem_clk = 1'0
Found init rule in `\top.$proc$tmp.v:55$236'.
  Set init value: \clk_stepdown_counter = 0
Found init rule in `\top.$proc$tmp.v:51$235'.
  Set init value: \clk_ext_soldered = 1'0

2.5.5. Executing PROC_ARST pass (detect async resets in processes).

2.5.6. Executing PROC_ROM pass (convert switches to ROMs).
Converted 0 switches.
<suppressed ~6 debug messages>

2.5.7. Executing PROC_MUX pass (convert decision trees to multiplexers).
Creating decoders for process `\TRELLIS_FF.$proc$/usr/bin/../share/yosys/ecp5/cells_sim.v:0$225'.
Creating decoders for process `\TRELLIS_FF.$proc$/usr/bin/../share/yosys/ecp5/cells_sim.v:350$224'.
     1/1: $0\Q[0:0]
Creating decoders for process `\DPR16X4C.$proc$/usr/bin/../share/yosys/ecp5/cells_sim.v:0$199'.
Creating decoders for process `\DPR16X4C.$proc$/usr/bin/../share/yosys/ecp5/cells_sim.v:285$176'.
     1/3: $1$memwr$\ram$/usr/bin/../share/yosys/ecp5/cells_sim.v:287$175_EN[3:0]$182
     2/3: $1$memwr$\ram$/usr/bin/../share/yosys/ecp5/cells_sim.v:287$175_DATA[3:0]$181
     3/3: $1$memwr$\ram$/usr/bin/../share/yosys/ecp5/cells_sim.v:287$175_ADDR[3:0]$180
Creating decoders for process `\TRELLIS_DPR16X4.$proc$/usr/bin/../share/yosys/ecp5/cells_sim.v:0$142'.
Creating decoders for process `\TRELLIS_DPR16X4.$proc$/usr/bin/../share/yosys/ecp5/cells_sim.v:221$118'.
     1/3: $1$memwr$\mem$/usr/bin/../share/yosys/ecp5/cells_sim.v:223$116_EN[3:0]$124
     2/3: $1$memwr$\mem$/usr/bin/../share/yosys/ecp5/cells_sim.v:223$116_DATA[3:0]$123
     3/3: $1$memwr$\mem$/usr/bin/../share/yosys/ecp5/cells_sim.v:223$116_ADDR[3:0]$122
Creating decoders for process `\TRELLIS_DPR16X4.$proc$/usr/bin/../share/yosys/ecp5/cells_sim.v:213$117'.
Creating decoders for process `\regular_synchronous_memory.$proc$tmp.v:4$242'.
Creating decoders for process `\top.$proc$tmp.v:68$239'.
Creating decoders for process `\top.$proc$tmp.v:67$238'.
Creating decoders for process `\top.$proc$tmp.v:56$237'.
Creating decoders for process `\top.$proc$tmp.v:55$236'.
Creating decoders for process `\top.$proc$tmp.v:51$235'.
Creating decoders for process `\top.$proc$tmp.v:69$231'.
     1/2: $0\chall_secmem_clk_counter[31:0]
     2/2: $0\chall_secmem_clk[0:0]
Creating decoders for process `\top.$proc$tmp.v:58$227'.
     1/2: $0\clk_stepdown_counter[31:0]
     2/2: $0\clk_stepdown[0:0]
Creating decoders for process `\top.$proc$tmp.v:52$226'.

2.5.8. Executing PROC_DLATCH pass (convert process syncs to latches).
No latch inferred for signal `\top.\clk_stepdown_count_val' from process `\top.$proc$tmp.v:56$237'.

2.5.9. Executing PROC_DFF pass (convert process syncs to FFs).
Creating register for signal `\TRELLIS_FF.\Q' using process `\TRELLIS_FF.$proc$/usr/bin/../share/yosys/ecp5/cells_sim.v:350$224'.
  created $dff cell `$procdff$322' with positive edge clock.
Creating register for signal `\DPR16X4C.\i' using process `\DPR16X4C.$proc$/usr/bin/../share/yosys/ecp5/cells_sim.v:0$199'.
  created direct connection (no actual register cell created).
Creating register for signal `\DPR16X4C.$memwr$\ram$/usr/bin/../share/yosys/ecp5/cells_sim.v:281$160_EN' using process `\DPR16X4C.$proc$/usr/bin/../share/yosys/ecp5/cells_sim.v:0$199'.
  created direct connection (no actual register cell created).
Creating register for signal `\DPR16X4C.$memwr$\ram$/usr/bin/../share/yosys/ecp5/cells_sim.v:281$161_EN' using process `\DPR16X4C.$proc$/usr/bin/../share/yosys/ecp5/cells_sim.v:0$199'.
  created direct connection (no actual register cell created).
Creating register for signal `\DPR16X4C.$memwr$\ram$/usr/bin/../share/yosys/ecp5/cells_sim.v:281$162_EN' using process `\DPR16X4C.$proc$/usr/bin/../share/yosys/ecp5/cells_sim.v:0$199'.
  created direct connection (no actual register cell created).
Creating register for signal `\DPR16X4C.$memwr$\ram$/usr/bin/../share/yosys/ecp5/cells_sim.v:281$163_EN' using process `\DPR16X4C.$proc$/usr/bin/../share/yosys/ecp5/cells_sim.v:0$199'.
  created direct connection (no actual register cell created).
Creating register for signal `\DPR16X4C.$memwr$\ram$/usr/bin/../share/yosys/ecp5/cells_sim.v:281$164_EN' using process `\DPR16X4C.$proc$/usr/bin/../share/yosys/ecp5/cells_sim.v:0$199'.
  created direct connection (no actual register cell created).
Creating register for signal `\DPR16X4C.$memwr$\ram$/usr/bin/../share/yosys/ecp5/cells_sim.v:281$165_EN' using process `\DPR16X4C.$proc$/usr/bin/../share/yosys/ecp5/cells_sim.v:0$199'.
  created direct connection (no actual register cell created).
Creating register for signal `\DPR16X4C.$memwr$\ram$/usr/bin/../share/yosys/ecp5/cells_sim.v:281$166_EN' using process `\DPR16X4C.$proc$/usr/bin/../share/yosys/ecp5/cells_sim.v:0$199'.
  created direct connection (no actual register cell created).
Creating register for signal `\DPR16X4C.$memwr$\ram$/usr/bin/../share/yosys/ecp5/cells_sim.v:281$167_EN' using process `\DPR16X4C.$proc$/usr/bin/../share/yosys/ecp5/cells_sim.v:0$199'.
  created direct connection (no actual register cell created).
Creating register for signal `\DPR16X4C.$memwr$\ram$/usr/bin/../share/yosys/ecp5/cells_sim.v:281$168_EN' using process `\DPR16X4C.$proc$/usr/bin/../share/yosys/ecp5/cells_sim.v:0$199'.
  created direct connection (no actual register cell created).
Creating register for signal `\DPR16X4C.$memwr$\ram$/usr/bin/../share/yosys/ecp5/cells_sim.v:281$169_EN' using process `\DPR16X4C.$proc$/usr/bin/../share/yosys/ecp5/cells_sim.v:0$199'.
  created direct connection (no actual register cell created).
Creating register for signal `\DPR16X4C.$memwr$\ram$/usr/bin/../share/yosys/ecp5/cells_sim.v:281$170_EN' using process `\DPR16X4C.$proc$/usr/bin/../share/yosys/ecp5/cells_sim.v:0$199'.
  created direct connection (no actual register cell created).
Creating register for signal `\DPR16X4C.$memwr$\ram$/usr/bin/../share/yosys/ecp5/cells_sim.v:281$171_EN' using process `\DPR16X4C.$proc$/usr/bin/../share/yosys/ecp5/cells_sim.v:0$199'.
  created direct connection (no actual register cell created).
Creating register for signal `\DPR16X4C.$memwr$\ram$/usr/bin/../share/yosys/ecp5/cells_sim.v:281$172_EN' using process `\DPR16X4C.$proc$/usr/bin/../share/yosys/ecp5/cells_sim.v:0$199'.
  created direct connection (no actual register cell created).
Creating register for signal `\DPR16X4C.$memwr$\ram$/usr/bin/../share/yosys/ecp5/cells_sim.v:281$173_EN' using process `\DPR16X4C.$proc$/usr/bin/../share/yosys/ecp5/cells_sim.v:0$199'.
  created direct connection (no actual register cell created).
Creating register for signal `\DPR16X4C.$memwr$\ram$/usr/bin/../share/yosys/ecp5/cells_sim.v:281$174_EN' using process `\DPR16X4C.$proc$/usr/bin/../share/yosys/ecp5/cells_sim.v:0$199'.
  created direct connection (no actual register cell created).
Creating register for signal `\DPR16X4C.$memwr$\ram$/usr/bin/../share/yosys/ecp5/cells_sim.v:287$175_ADDR' using process `\DPR16X4C.$proc$/usr/bin/../share/yosys/ecp5/cells_sim.v:285$176'.
  created $dff cell `$procdff$323' with positive edge clock.
Creating register for signal `\DPR16X4C.$memwr$\ram$/usr/bin/../share/yosys/ecp5/cells_sim.v:287$175_DATA' using process `\DPR16X4C.$proc$/usr/bin/../share/yosys/ecp5/cells_sim.v:285$176'.
  created $dff cell `$procdff$324' with positive edge clock.
Creating register for signal `\DPR16X4C.$memwr$\ram$/usr/bin/../share/yosys/ecp5/cells_sim.v:287$175_EN' using process `\DPR16X4C.$proc$/usr/bin/../share/yosys/ecp5/cells_sim.v:285$176'.
  created $dff cell `$procdff$325' with positive edge clock.
Creating register for signal `\TRELLIS_DPR16X4.\i' using process `\TRELLIS_DPR16X4.$proc$/usr/bin/../share/yosys/ecp5/cells_sim.v:0$142'.
  created direct connection (no actual register cell created).
Creating register for signal `\TRELLIS_DPR16X4.$memwr$\mem$/usr/bin/../share/yosys/ecp5/cells_sim.v:207$100_EN' using process `\TRELLIS_DPR16X4.$proc$/usr/bin/../share/yosys/ecp5/cells_sim.v:0$142'.
  created direct connection (no actual register cell created).
Creating register for signal `\TRELLIS_DPR16X4.$memwr$\mem$/usr/bin/../share/yosys/ecp5/cells_sim.v:207$101_EN' using process `\TRELLIS_DPR16X4.$proc$/usr/bin/../share/yosys/ecp5/cells_sim.v:0$142'.
  created direct connection (no actual register cell created).
Creating register for signal `\TRELLIS_DPR16X4.$memwr$\mem$/usr/bin/../share/yosys/ecp5/cells_sim.v:207$102_EN' using process `\TRELLIS_DPR16X4.$proc$/usr/bin/../share/yosys/ecp5/cells_sim.v:0$142'.
  created direct connection (no actual register cell created).
Creating register for signal `\TRELLIS_DPR16X4.$memwr$\mem$/usr/bin/../share/yosys/ecp5/cells_sim.v:207$103_EN' using process `\TRELLIS_DPR16X4.$proc$/usr/bin/../share/yosys/ecp5/cells_sim.v:0$142'.
  created direct connection (no actual register cell created).
Creating register for signal `\TRELLIS_DPR16X4.$memwr$\mem$/usr/bin/../share/yosys/ecp5/cells_sim.v:207$104_EN' using process `\TRELLIS_DPR16X4.$proc$/usr/bin/../share/yosys/ecp5/cells_sim.v:0$142'.
  created direct connection (no actual register cell created).
Creating register for signal `\TRELLIS_DPR16X4.$memwr$\mem$/usr/bin/../share/yosys/ecp5/cells_sim.v:207$105_EN' using process `\TRELLIS_DPR16X4.$proc$/usr/bin/../share/yosys/ecp5/cells_sim.v:0$142'.
  created direct connection (no actual register cell created).
Creating register for signal `\TRELLIS_DPR16X4.$memwr$\mem$/usr/bin/../share/yosys/ecp5/cells_sim.v:207$106_EN' using process `\TRELLIS_DPR16X4.$proc$/usr/bin/../share/yosys/ecp5/cells_sim.v:0$142'.
  created direct connection (no actual register cell created).
Creating register for signal `\TRELLIS_DPR16X4.$memwr$\mem$/usr/bin/../share/yosys/ecp5/cells_sim.v:207$107_EN' using process `\TRELLIS_DPR16X4.$proc$/usr/bin/../share/yosys/ecp5/cells_sim.v:0$142'.
  created direct connection (no actual register cell created).
Creating register for signal `\TRELLIS_DPR16X4.$memwr$\mem$/usr/bin/../share/yosys/ecp5/cells_sim.v:207$108_EN' using process `\TRELLIS_DPR16X4.$proc$/usr/bin/../share/yosys/ecp5/cells_sim.v:0$142'.
  created direct connection (no actual register cell created).
Creating register for signal `\TRELLIS_DPR16X4.$memwr$\mem$/usr/bin/../share/yosys/ecp5/cells_sim.v:207$109_EN' using process `\TRELLIS_DPR16X4.$proc$/usr/bin/../share/yosys/ecp5/cells_sim.v:0$142'.
  created direct connection (no actual register cell created).
Creating register for signal `\TRELLIS_DPR16X4.$memwr$\mem$/usr/bin/../share/yosys/ecp5/cells_sim.v:207$110_EN' using process `\TRELLIS_DPR16X4.$proc$/usr/bin/../share/yosys/ecp5/cells_sim.v:0$142'.
  created direct connection (no actual register cell created).
Creating register for signal `\TRELLIS_DPR16X4.$memwr$\mem$/usr/bin/../share/yosys/ecp5/cells_sim.v:207$111_EN' using process `\TRELLIS_DPR16X4.$proc$/usr/bin/../share/yosys/ecp5/cells_sim.v:0$142'.
  created direct connection (no actual register cell created).
Creating register for signal `\TRELLIS_DPR16X4.$memwr$\mem$/usr/bin/../share/yosys/ecp5/cells_sim.v:207$112_EN' using process `\TRELLIS_DPR16X4.$proc$/usr/bin/../share/yosys/ecp5/cells_sim.v:0$142'.
  created direct connection (no actual register cell created).
Creating register for signal `\TRELLIS_DPR16X4.$memwr$\mem$/usr/bin/../share/yosys/ecp5/cells_sim.v:207$113_EN' using process `\TRELLIS_DPR16X4.$proc$/usr/bin/../share/yosys/ecp5/cells_sim.v:0$142'.
  created direct connection (no actual register cell created).
Creating register for signal `\TRELLIS_DPR16X4.$memwr$\mem$/usr/bin/../share/yosys/ecp5/cells_sim.v:207$114_EN' using process `\TRELLIS_DPR16X4.$proc$/usr/bin/../share/yosys/ecp5/cells_sim.v:0$142'.
  created direct connection (no actual register cell created).
Creating register for signal `\TRELLIS_DPR16X4.$memwr$\mem$/usr/bin/../share/yosys/ecp5/cells_sim.v:207$115_EN' using process `\TRELLIS_DPR16X4.$proc$/usr/bin/../share/yosys/ecp5/cells_sim.v:0$142'.
  created direct connection (no actual register cell created).
Creating register for signal `\TRELLIS_DPR16X4.$memwr$\mem$/usr/bin/../share/yosys/ecp5/cells_sim.v:223$116_ADDR' using process `\TRELLIS_DPR16X4.$proc$/usr/bin/../share/yosys/ecp5/cells_sim.v:221$118'.
  created $dff cell `$procdff$326' with positive edge clock.
Creating register for signal `\TRELLIS_DPR16X4.$memwr$\mem$/usr/bin/../share/yosys/ecp5/cells_sim.v:223$116_DATA' using process `\TRELLIS_DPR16X4.$proc$/usr/bin/../share/yosys/ecp5/cells_sim.v:221$118'.
  created $dff cell `$procdff$327' with positive edge clock.
Creating register for signal `\TRELLIS_DPR16X4.$memwr$\mem$/usr/bin/../share/yosys/ecp5/cells_sim.v:223$116_EN' using process `\TRELLIS_DPR16X4.$proc$/usr/bin/../share/yosys/ecp5/cells_sim.v:221$118'.
  created $dff cell `$procdff$328' with positive edge clock.
Creating register for signal `\TRELLIS_DPR16X4.\muxwre' using process `\TRELLIS_DPR16X4.$proc$/usr/bin/../share/yosys/ecp5/cells_sim.v:213$117'.
  created direct connection (no actual register cell created).
Creating register for signal `\regular_synchronous_memory.\value' using process `\regular_synchronous_memory.$proc$tmp.v:4$242'.
  created $dff cell `$procdff$329' with positive edge clock.
Creating register for signal `\top.\chall_secmem_clk' using process `\top.$proc$tmp.v:69$231'.
  created $dff cell `$procdff$330' with positive edge clock.
Creating register for signal `\top.\chall_secmem_clk_counter' using process `\top.$proc$tmp.v:69$231'.
  created $dff cell `$procdff$331' with positive edge clock.
Creating register for signal `\top.\clk_stepdown_counter' using process `\top.$proc$tmp.v:58$227'.
  created $dff cell `$procdff$332' with positive edge clock.
Creating register for signal `\top.\clk_stepdown' using process `\top.$proc$tmp.v:58$227'.
  created $dff cell `$procdff$333' with positive edge clock.
Creating register for signal `\top.\clk_ext_soldered' using process `\top.$proc$tmp.v:52$226'.
  created $dff cell `$procdff$334' with positive edge clock.

2.5.10. Executing PROC_MEMWR pass (convert process memory writes to cells).

2.5.11. Executing PROC_CLEAN pass (remove empty switches from decision trees).
Removing empty process `TRELLIS_FF.$proc$/usr/bin/../share/yosys/ecp5/cells_sim.v:0$225'.
Found and cleaned up 2 empty switches in `\TRELLIS_FF.$proc$/usr/bin/../share/yosys/ecp5/cells_sim.v:350$224'.
Removing empty process `TRELLIS_FF.$proc$/usr/bin/../share/yosys/ecp5/cells_sim.v:350$224'.
Removing empty process `DPR16X4C.$proc$/usr/bin/../share/yosys/ecp5/cells_sim.v:0$199'.
Found and cleaned up 1 empty switch in `\DPR16X4C.$proc$/usr/bin/../share/yosys/ecp5/cells_sim.v:285$176'.
Removing empty process `TRELLIS_DPR16X4.$proc$/usr/bin/../share/yosys/ecp5/cells_sim.v:0$142'.
Found and cleaned up 1 empty switch in `\TRELLIS_DPR16X4.$proc$/usr/bin/../share/yosys/ecp5/cells_sim.v:221$118'.
Removing empty process `TRELLIS_DPR16X4.$proc$/usr/bin/../share/yosys/ecp5/cells_sim.v:213$117'.
Removing empty process `regular_synchronous_memory.$proc$tmp.v:4$242'.
Removing empty process `top.$proc$tmp.v:68$239'.
Removing empty process `top.$proc$tmp.v:67$238'.
Removing empty process `top.$proc$tmp.v:56$237'.
Removing empty process `top.$proc$tmp.v:55$236'.
Removing empty process `top.$proc$tmp.v:51$235'.
Found and cleaned up 1 empty switch in `\top.$proc$tmp.v:69$231'.
Removing empty process `top.$proc$tmp.v:69$231'.
Found and cleaned up 1 empty switch in `\top.$proc$tmp.v:58$227'.
Removing empty process `top.$proc$tmp.v:58$227'.
Removing empty process `top.$proc$tmp.v:52$226'.
Cleaned up 6 empty switches.

2.5.12. Executing OPT_EXPR pass (perform const folding).
Optimizing module regular_synchronous_memory.
<suppressed ~17 debug messages>
Optimizing module secure_memory.
Optimizing module top.

2.6. Executing FLATTEN pass (flatten design).
Deleting now unused module regular_synchronous_memory.
Deleting now unused module secure_memory.
<suppressed ~2 debug messages>

2.7. Executing TRIBUF pass.

2.8. Executing DEMINOUT pass (demote inout ports to input or output).

2.9. Executing OPT_EXPR pass (perform const folding).
Optimizing module top.

2.10. Executing OPT_CLEAN pass (remove unused cells and wires).
Finding unused cells or wires in module \top..
Removed 8 unused cells and 39 unused wires.
<suppressed ~12 debug messages>

2.11. Executing CHECK pass (checking for obvious problems).
Checking module top...
Found and reported 0 problems.

2.12. Executing OPT pass (performing simple optimizations).

2.12.1. Executing OPT_EXPR pass (perform const folding).
Optimizing module top.

2.12.2. Executing OPT_MERGE pass (detect identical cells).
Finding identical cells in module `\top'.
<suppressed ~3 debug messages>
Removed a total of 1 cells.

2.12.3. Executing OPT_MUXTREE pass (detect dead branches in mux trees).
Running muxtree optimizer on module \top..
  Creating internal representation of mux trees.
  Evaluating internal representation of mux trees.
  Analyzing evaluation results.
Removed 0 multiplexer ports.
<suppressed ~4 debug messages>

2.12.4. Executing OPT_REDUCE pass (consolidate $*mux and $reduce_* inputs).
  Optimizing cells in module \top.
Performed a total of 0 changes.

2.12.5. Executing OPT_MERGE pass (detect identical cells).
Finding identical cells in module `\top'.
Removed a total of 0 cells.

2.12.6. Executing OPT_DFF pass (perform DFF optimizations).

2.12.7. Executing OPT_CLEAN pass (remove unused cells and wires).
Finding unused cells or wires in module \top..
Removed 0 unused cells and 1 unused wires.
<suppressed ~1 debug messages>

2.12.8. Executing OPT_EXPR pass (perform const folding).
Optimizing module top.

2.12.9. Rerunning OPT passes. (Maybe there is more to do..)

2.12.10. Executing OPT_MUXTREE pass (detect dead branches in mux trees).
Running muxtree optimizer on module \top..
  Creating internal representation of mux trees.
  Evaluating internal representation of mux trees.
  Analyzing evaluation results.
Removed 0 multiplexer ports.
<suppressed ~4 debug messages>

2.12.11. Executing OPT_REDUCE pass (consolidate $*mux and $reduce_* inputs).
  Optimizing cells in module \top.
Performed a total of 0 changes.

2.12.12. Executing OPT_MERGE pass (detect identical cells).
Finding identical cells in module `\top'.
Removed a total of 0 cells.

2.12.13. Executing OPT_DFF pass (perform DFF optimizations).

2.12.14. Executing OPT_CLEAN pass (remove unused cells and wires).
Finding unused cells or wires in module \top..

2.12.15. Executing OPT_EXPR pass (perform const folding).
Optimizing module top.

2.12.16. Finished OPT passes. (There is nothing left to do.)

2.13. Executing FSM pass (extract and optimize FSM).

2.13.1. Executing FSM_DETECT pass (finding FSMs in design).
Not marking top.chall_secmem.mem.value as FSM state register:
    Users of register don't seem to benefit from recoding.

2.13.2. Executing FSM_EXTRACT pass (extracting FSM from design).

2.13.3. Executing FSM_OPT pass (simple optimizations of FSMs).

2.13.4. Executing OPT_CLEAN pass (remove unused cells and wires).
Finding unused cells or wires in module \top..

2.13.5. Executing FSM_OPT pass (simple optimizations of FSMs).

2.13.6. Executing FSM_RECODE pass (re-assigning FSM state encoding).

2.13.7. Executing FSM_INFO pass (dumping all available information on FSM cells).

2.13.8. Executing FSM_MAP pass (mapping FSMs to basic logic).

2.14. Executing OPT pass (performing simple optimizations).

2.14.1. Executing OPT_EXPR pass (perform const folding).
Optimizing module top.

2.14.2. Executing OPT_MERGE pass (detect identical cells).
Finding identical cells in module `\top'.
Removed a total of 0 cells.

2.14.3. Executing OPT_MUXTREE pass (detect dead branches in mux trees).
Running muxtree optimizer on module \top..
  Creating internal representation of mux trees.
  Evaluating internal representation of mux trees.
  Analyzing evaluation results.
Removed 0 multiplexer ports.
<suppressed ~4 debug messages>

2.14.4. Executing OPT_REDUCE pass (consolidate $*mux and $reduce_* inputs).
  Optimizing cells in module \top.
Performed a total of 0 changes.

2.14.5. Executing OPT_MERGE pass (detect identical cells).
Finding identical cells in module `\top'.
Removed a total of 0 cells.

2.14.6. Executing OPT_DFF pass (perform DFF optimizations).
Adding SRST signal on $procdff$331 ($dff) from module top (D = $add$tmp.v:70$232_Y, Q = \chall_secmem_clk_counter, rval = 0).
Adding EN signal on $procdff$330 ($dff) from module top (D = $not$tmp.v:72$234_Y, Q = \chall_secmem_clk).
Adding SRST signal on $flatten\chall_secmem.\mem.$procdff$329 ($dff) from module top (D = { $flatten\chall_secmem.\mem.$ternary$tmp.v:7$288_Y [4] $flatten\chall_secmem.\mem.$ternary$tmp.v:7$288_Y [2] $flatten\chall_secmem.\mem.$ternary$tmp.v:7$288_Y [0] }, Q = { \chall_secmem.mem.value [4] \chall_secmem.mem.value [2] \chall_secmem.mem.value [0] }, rval = 3'011).
Adding SRST signal on $flatten\chall_secmem.\mem.$procdff$329 ($dff) from module top (D = $flatten\chall_secmem.\mem.$ternary$tmp.v:8$286_Y [1], Q = \chall_secmem.mem.value [1], rval = 1'1).
Adding SRST signal on $flatten\chall_secmem.\mem.$procdff$329 ($dff) from module top (D = $flatten\chall_secmem.\mem.$ternary$tmp.v:9$284_Y [3], Q = \chall_secmem.mem.value [3], rval = 1'0).
Adding SRST signal on $flatten\chall_secmem.\mem.$procdff$329 ($dff) from module top (D = $flatten\chall_secmem.\mem.$ternary$tmp.v:15$272_Y [5], Q = \chall_secmem.mem.value [5], rval = 1'1).
Adding SRST signal on $flatten\chall_secmem.\mem.$procdff$329 ($dff) from module top (D = $flatten\chall_secmem.\mem.$ternary$tmp.v:21$260_Y [7:6], Q = \chall_secmem.mem.value [7:6], rval = 2'01).

2.14.7. Executing OPT_CLEAN pass (remove unused cells and wires).
Finding unused cells or wires in module \top..
Removed 3 unused cells and 4 unused wires.
<suppressed ~4 debug messages>

2.14.8. Executing OPT_EXPR pass (perform const folding).
Optimizing module top.

2.14.9. Rerunning OPT passes. (Maybe there is more to do..)

2.14.10. Executing OPT_MUXTREE pass (detect dead branches in mux trees).
Running muxtree optimizer on module \top..
  Creating internal representation of mux trees.
  Evaluating internal representation of mux trees.
  Analyzing evaluation results.
Removed 0 multiplexer ports.
<suppressed ~6 debug messages>

2.14.11. Executing OPT_REDUCE pass (consolidate $*mux and $reduce_* inputs).
  Optimizing cells in module \top.
Performed a total of 0 changes.

2.14.12. Executing OPT_MERGE pass (detect identical cells).
Finding identical cells in module `\top'.
Removed a total of 0 cells.

2.14.13. Executing OPT_DFF pass (perform DFF optimizations).

2.14.14. Executing OPT_CLEAN pass (remove unused cells and wires).
Finding unused cells or wires in module \top..

2.14.15. Executing OPT_EXPR pass (perform const folding).
Optimizing module top.

2.14.16. Finished OPT passes. (There is nothing left to do.)

2.15. Executing WREDUCE pass (reducing word size of cells).
Removed top 31 bits (of 32) from port B of cell top.$add$tmp.v:70$232 ($add).
Removed top 9 bits (of 32) from port B of cell top.$ge$tmp.v:71$233 ($ge).
Removed top 4 bits (of 5) from port B of cell top.$flatten\chall_secmem.\mem.$eq$tmp.v:7$244 ($eq).
Removed top 3 bits (of 5) from port B of cell top.$flatten\chall_secmem.\mem.$eq$tmp.v:8$245 ($eq).
Removed top 3 bits (of 5) from port B of cell top.$flatten\chall_secmem.\mem.$eq$tmp.v:9$246 ($eq).
Removed top 2 bits (of 5) from port B of cell top.$flatten\chall_secmem.\mem.$eq$tmp.v:10$247 ($eq).
Removed top 2 bits (of 5) from port B of cell top.$flatten\chall_secmem.\mem.$eq$tmp.v:11$248 ($eq).
Removed top 2 bits (of 5) from port B of cell top.$flatten\chall_secmem.\mem.$eq$tmp.v:12$249 ($eq).
Removed top 2 bits (of 5) from port B of cell top.$flatten\chall_secmem.\mem.$eq$tmp.v:13$250 ($eq).
Removed top 1 bits (of 5) from port B of cell top.$flatten\chall_secmem.\mem.$eq$tmp.v:14$251 ($eq).
Removed top 1 bits (of 5) from port B of cell top.$flatten\chall_secmem.\mem.$eq$tmp.v:15$252 ($eq).
Removed top 1 bits (of 5) from port B of cell top.$flatten\chall_secmem.\mem.$eq$tmp.v:16$253 ($eq).
Removed top 1 bits (of 5) from port B of cell top.$flatten\chall_secmem.\mem.$eq$tmp.v:17$254 ($eq).
Removed top 1 bits (of 5) from port B of cell top.$flatten\chall_secmem.\mem.$eq$tmp.v:18$255 ($eq).
Removed top 1 bits (of 5) from port B of cell top.$flatten\chall_secmem.\mem.$eq$tmp.v:19$256 ($eq).
Removed top 1 bits (of 5) from port B of cell top.$flatten\chall_secmem.\mem.$eq$tmp.v:20$257 ($eq).
Removed top 25 bits (of 32) from mux cell top.$flatten\chall_secmem.\mem.$ternary$tmp.v:21$260 ($mux).
Removed top 25 bits (of 32) from mux cell top.$flatten\chall_secmem.\mem.$ternary$tmp.v:20$262 ($mux).
Removed top 25 bits (of 32) from mux cell top.$flatten\chall_secmem.\mem.$ternary$tmp.v:19$264 ($mux).
Removed top 27 bits (of 32) from mux cell top.$flatten\chall_secmem.\mem.$ternary$tmp.v:7$288 ($mux).
Removed top 25 bits (of 32) from mux cell top.$flatten\chall_secmem.\mem.$ternary$tmp.v:18$266 ($mux).
Removed top 25 bits (of 32) from mux cell top.$flatten\chall_secmem.\mem.$ternary$tmp.v:17$268 ($mux).
Removed top 27 bits (of 32) from mux cell top.$flatten\chall_secmem.\mem.$ternary$tmp.v:8$286 ($mux).
Removed top 25 bits (of 32) from mux cell top.$flatten\chall_secmem.\mem.$ternary$tmp.v:16$270 ($mux).
Removed top 25 bits (of 32) from mux cell top.$flatten\chall_secmem.\mem.$ternary$tmp.v:15$272 ($mux).
Removed top 27 bits (of 32) from mux cell top.$flatten\chall_secmem.\mem.$ternary$tmp.v:9$284 ($mux).
Removed top 25 bits (of 32) from mux cell top.$flatten\chall_secmem.\mem.$ternary$tmp.v:14$274 ($mux).
Removed top 27 bits (of 32) from mux cell top.$flatten\chall_secmem.\mem.$ternary$tmp.v:10$282 ($mux).
Removed top 27 bits (of 32) from mux cell top.$flatten\chall_secmem.\mem.$ternary$tmp.v:11$280 ($mux).
Removed top 27 bits (of 32) from mux cell top.$flatten\chall_secmem.\mem.$ternary$tmp.v:12$278 ($mux).
Removed top 27 bits (of 32) from mux cell top.$flatten\chall_secmem.\mem.$ternary$tmp.v:13$276 ($mux).
Removed top 2 bits (of 7) from mux cell top.$flatten\chall_secmem.\mem.$ternary$tmp.v:14$274 ($mux).
Removed top 1 bits (of 7) from mux cell top.$flatten\chall_secmem.\mem.$ternary$tmp.v:15$272 ($mux).
Removed top 1 bits (of 7) from mux cell top.$flatten\chall_secmem.\mem.$ternary$tmp.v:16$270 ($mux).
Removed top 1 bits (of 7) from mux cell top.$flatten\chall_secmem.\mem.$ternary$tmp.v:17$268 ($mux).
Removed top 1 bits (of 7) from mux cell top.$flatten\chall_secmem.\mem.$ternary$tmp.v:18$266 ($mux).
Removed top 1 bits (of 7) from mux cell top.$flatten\chall_secmem.\mem.$ternary$tmp.v:19$264 ($mux).
Removed top 1 bits (of 7) from mux cell top.$flatten\chall_secmem.\mem.$ternary$tmp.v:20$262 ($mux).
Removed top 1 bits (of 2) from FF cell top.$auto$ff.cc:266:slice$349 ($sdff).
Removed top 1 bits (of 8) from mux cell top.$flatten\chall_secmem.$ternary$tmp.v:35$241 ($mux).
Removed top 27 bits (of 32) from wire top.$flatten\chall_secmem.\mem.$ternary$tmp.v:10$282_Y.
Removed top 28 bits (of 32) from wire top.$flatten\chall_secmem.\mem.$ternary$tmp.v:11$280_Y.
Removed top 27 bits (of 32) from wire top.$flatten\chall_secmem.\mem.$ternary$tmp.v:12$278_Y.
Removed top 27 bits (of 32) from wire top.$flatten\chall_secmem.\mem.$ternary$tmp.v:13$276_Y.
Removed top 27 bits (of 32) from wire top.$flatten\chall_secmem.\mem.$ternary$tmp.v:14$274_Y.
Removed top 26 bits (of 32) from wire top.$flatten\chall_secmem.\mem.$ternary$tmp.v:15$272_Y.
Removed top 27 bits (of 32) from wire top.$flatten\chall_secmem.\mem.$ternary$tmp.v:16$270_Y.
Removed top 27 bits (of 32) from wire top.$flatten\chall_secmem.\mem.$ternary$tmp.v:17$268_Y.
Removed top 26 bits (of 32) from wire top.$flatten\chall_secmem.\mem.$ternary$tmp.v:18$266_Y.
Removed top 26 bits (of 32) from wire top.$flatten\chall_secmem.\mem.$ternary$tmp.v:19$264_Y.
Removed top 26 bits (of 32) from wire top.$flatten\chall_secmem.\mem.$ternary$tmp.v:20$262_Y.
Removed top 25 bits (of 32) from wire top.$flatten\chall_secmem.\mem.$ternary$tmp.v:21$260_Y.
Removed top 27 bits (of 32) from wire top.$flatten\chall_secmem.\mem.$ternary$tmp.v:7$288_Y.
Removed top 27 bits (of 32) from wire top.$flatten\chall_secmem.\mem.$ternary$tmp.v:8$286_Y.
Removed top 27 bits (of 32) from wire top.$flatten\chall_secmem.\mem.$ternary$tmp.v:9$284_Y.
Removed top 1 bits (of 8) from wire top.chall_secmem_value.

2.16. Executing PEEPOPT pass (run peephole optimizers).

2.17. Executing OPT_CLEAN pass (remove unused cells and wires).
Finding unused cells or wires in module \top..
Removed 0 unused cells and 16 unused wires.
<suppressed ~1 debug messages>

2.18. Executing SHARE pass (SAT-based resource sharing).

2.19. Executing TECHMAP pass (map to technology primitives).

2.19.1. Executing Verilog-2005 frontend: /usr/bin/../share/yosys/cmp2lut.v
Parsing Verilog input from `/usr/bin/../share/yosys/cmp2lut.v' to AST representation.
Generating RTLIL representation for module `\_90_lut_cmp_'.
Successfully finished Verilog frontend.

2.19.2. Continuing TECHMAP pass.
No more expansions possible.
<suppressed ~36 debug messages>

2.20. Executing OPT_EXPR pass (perform const folding).
Optimizing module top.

2.21. Executing OPT_CLEAN pass (remove unused cells and wires).
Finding unused cells or wires in module \top..

2.22. Executing TECHMAP pass (map to technology primitives).

2.22.1. Executing Verilog-2005 frontend: /usr/bin/../share/yosys/mul2dsp.v
Parsing Verilog input from `/usr/bin/../share/yosys/mul2dsp.v' to AST representation.
Generating RTLIL representation for module `\_80_mul'.
Generating RTLIL representation for module `\_90_soft_mul'.
Successfully finished Verilog frontend.

2.22.2. Executing Verilog-2005 frontend: /usr/bin/../share/yosys/ecp5/dsp_map.v
Parsing Verilog input from `/usr/bin/../share/yosys/ecp5/dsp_map.v' to AST representation.
Generating RTLIL representation for module `\$__MUL18X18'.
Successfully finished Verilog frontend.

2.22.3. Continuing TECHMAP pass.
No more expansions possible.
<suppressed ~5 debug messages>

2.23. Executing ALUMACC pass (create $alu and $macc cells).
Extracting $alu and $macc cells in module top:
  creating $macc model for $add$tmp.v:70$232 ($add).
  creating $alu model for $macc $add$tmp.v:70$232.
  creating $alu model for $ge$tmp.v:71$233 ($ge): new $alu
  creating $alu cell for $ge$tmp.v:71$233: $auto$alumacc.cc:495:replace_alu$370
  creating $alu cell for $add$tmp.v:70$232: $auto$alumacc.cc:495:replace_alu$383
  created 2 $alu and 0 $macc cells.

2.24. Executing OPT pass (performing simple optimizations).

2.24.1. Executing OPT_EXPR pass (perform const folding).
Optimizing module top.

2.24.2. Executing OPT_MERGE pass (detect identical cells).
Finding identical cells in module `\top'.
Removed a total of 0 cells.

2.24.3. Executing OPT_MUXTREE pass (detect dead branches in mux trees).
Running muxtree optimizer on module \top..
  Creating internal representation of mux trees.
  Evaluating internal representation of mux trees.
  Analyzing evaluation results.
Removed 0 multiplexer ports.
<suppressed ~6 debug messages>

2.24.4. Executing OPT_REDUCE pass (consolidate $*mux and $reduce_* inputs).
  Optimizing cells in module \top.
Performed a total of 0 changes.

2.24.5. Executing OPT_MERGE pass (detect identical cells).
Finding identical cells in module `\top'.
Removed a total of 0 cells.

2.24.6. Executing OPT_DFF pass (perform DFF optimizations).

2.24.7. Executing OPT_CLEAN pass (remove unused cells and wires).
Finding unused cells or wires in module \top..
Removed 0 unused cells and 1 unused wires.
<suppressed ~1 debug messages>

2.24.8. Executing OPT_EXPR pass (perform const folding).
Optimizing module top.

2.24.9. Rerunning OPT passes. (Maybe there is more to do..)

2.24.10. Executing OPT_MUXTREE pass (detect dead branches in mux trees).
Running muxtree optimizer on module \top..
  Creating internal representation of mux trees.
  Evaluating internal representation of mux trees.
  Analyzing evaluation results.
Removed 0 multiplexer ports.
<suppressed ~6 debug messages>

2.24.11. Executing OPT_REDUCE pass (consolidate $*mux and $reduce_* inputs).
  Optimizing cells in module \top.
Performed a total of 0 changes.

2.24.12. Executing OPT_MERGE pass (detect identical cells).
Finding identical cells in module `\top'.
Removed a total of 0 cells.

2.24.13. Executing OPT_DFF pass (perform DFF optimizations).

2.24.14. Executing OPT_CLEAN pass (remove unused cells and wires).
Finding unused cells or wires in module \top..

2.24.15. Executing OPT_EXPR pass (perform const folding).
Optimizing module top.

2.24.16. Finished OPT passes. (There is nothing left to do.)

2.25. Executing MEMORY pass.

2.25.1. Executing OPT_MEM pass (optimize memories).
Performed a total of 0 transformations.

2.25.2. Executing OPT_MEM_PRIORITY pass (removing unnecessary memory write priority relations).
Performed a total of 0 transformations.

2.25.3. Executing OPT_MEM_FEEDBACK pass (finding memory read-to-write feedback paths).

2.25.4. Executing MEMORY_BMUX2ROM pass (converting muxes to ROMs).

2.25.5. Executing MEMORY_DFF pass (merging $dff cells to $memrd).

2.25.6. Executing OPT_CLEAN pass (remove unused cells and wires).
Finding unused cells or wires in module \top..

2.25.7. Executing MEMORY_SHARE pass (consolidating $memrd/$memwr cells).

2.25.8. Executing OPT_MEM_WIDEN pass (optimize memories where all ports are wide).
Performed a total of 0 transformations.

2.25.9. Executing OPT_CLEAN pass (remove unused cells and wires).
Finding unused cells or wires in module \top..

2.25.10. Executing MEMORY_COLLECT pass (generating $mem cells).

2.26. Executing OPT_CLEAN pass (remove unused cells and wires).
Finding unused cells or wires in module \top..

2.27. Executing MEMORY_LIBMAP pass (mapping memories to cells).

2.28. Executing TECHMAP pass (map to technology primitives).

2.28.1. Executing Verilog-2005 frontend: /usr/bin/../share/yosys/ecp5/lutrams_map.v
Parsing Verilog input from `/usr/bin/../share/yosys/ecp5/lutrams_map.v' to AST representation.
Generating RTLIL representation for module `\$__TRELLIS_DPR16X4_'.
Successfully finished Verilog frontend.

2.28.2. Executing Verilog-2005 frontend: /usr/bin/../share/yosys/ecp5/brams_map.v
Parsing Verilog input from `/usr/bin/../share/yosys/ecp5/brams_map.v' to AST representation.
Generating RTLIL representation for module `\$__ECP5_DP16KD_'.
Generating RTLIL representation for module `\$__ECP5_PDPW16KD_'.
Successfully finished Verilog frontend.

2.28.3. Continuing TECHMAP pass.
No more expansions possible.
<suppressed ~5 debug messages>

2.29. Executing OPT pass (performing simple optimizations).

2.29.1. Executing OPT_EXPR pass (perform const folding).
Optimizing module top.
<suppressed ~1 debug messages>

2.29.2. Executing OPT_MERGE pass (detect identical cells).
Finding identical cells in module `\top'.
Removed a total of 0 cells.

2.29.3. Executing OPT_DFF pass (perform DFF optimizations).

2.29.4. Executing OPT_CLEAN pass (remove unused cells and wires).
Finding unused cells or wires in module \top..
Removed 0 unused cells and 3 unused wires.
<suppressed ~1 debug messages>

2.29.5. Finished fast OPT passes.

2.30. Executing MEMORY_MAP pass (converting memories to logic and flip-flops).

2.31. Executing OPT pass (performing simple optimizations).

2.31.1. Executing OPT_EXPR pass (perform const folding).
Optimizing module top.

2.31.2. Executing OPT_MERGE pass (detect identical cells).
Finding identical cells in module `\top'.
Removed a total of 0 cells.

2.31.3. Executing OPT_MUXTREE pass (detect dead branches in mux trees).
Running muxtree optimizer on module \top..
  Creating internal representation of mux trees.
  Evaluating internal representation of mux trees.
  Analyzing evaluation results.
Removed 0 multiplexer ports.
<suppressed ~6 debug messages>

2.31.4. Executing OPT_REDUCE pass (consolidate $*mux and $reduce_* inputs).
  Optimizing cells in module \top.
    Consolidated identical input bits for $mux cell $flatten\chall_secmem.\mem.$ternary$tmp.v:21$260:
      Old ports: A=7'0000000, B=7'1001100, Y=$auto$wreduce.cc:514:run$363 [6:0]
      New ports: A=1'0, B=1'1, Y=$auto$wreduce.cc:514:run$363 [2]
      New connections: { $auto$wreduce.cc:514:run$363 [6:3] $auto$wreduce.cc:514:run$363 [1:0] } = { $auto$wreduce.cc:514:run$363 [2] 2'00 $auto$wreduce.cc:514:run$363 [2] 2'00 }
  Optimizing cells in module \top.
    Consolidated identical input bits for $mux cell $flatten\chall_secmem.\mem.$ternary$tmp.v:20$262:
      Old ports: A=$auto$wreduce.cc:514:run$363 [5:0], B=6'111101, Y=$auto$wreduce.cc:514:run$362 [5:0]
      New ports: A={ $auto$wreduce.cc:514:run$363 [2] 1'0 }, B=2'11, Y={ $auto$wreduce.cc:514:run$362 [2] $auto$wreduce.cc:514:run$362 [0] }
      New connections: { $auto$wreduce.cc:514:run$362 [5:3] $auto$wreduce.cc:514:run$362 [1] } = { $auto$wreduce.cc:514:run$362 [0] $auto$wreduce.cc:514:run$362 [0] $auto$wreduce.cc:514:run$362 [2] 1'0 }
  Optimizing cells in module \top.
    Consolidated identical input bits for $mux cell $flatten\chall_secmem.\mem.$ternary$tmp.v:19$264:
      Old ports: A=$auto$wreduce.cc:514:run$362 [5:0], B=6'100111, Y=$auto$wreduce.cc:514:run$361 [5:0]
      New ports: A={ $auto$wreduce.cc:514:run$362 [0] $auto$wreduce.cc:514:run$362 [2] $auto$wreduce.cc:514:run$362 [2] 1'0 $auto$wreduce.cc:514:run$362 [0] }, B=5'00111, Y=$auto$wreduce.cc:514:run$361 [4:0]
      New connections: $auto$wreduce.cc:514:run$361 [5] = $auto$wreduce.cc:514:run$361 [0]
  Optimizing cells in module \top.
    Consolidated identical input bits for $mux cell $flatten\chall_secmem.\mem.$ternary$tmp.v:18$266:
      Old ports: A=$auto$wreduce.cc:514:run$361 [5:0], B=6'100001, Y=$auto$wreduce.cc:514:run$360 [5:0]
      New ports: A=$auto$wreduce.cc:514:run$361 [4:0], B=5'00001, Y=$auto$wreduce.cc:514:run$360 [4:0]
      New connections: $auto$wreduce.cc:514:run$360 [5] = $auto$wreduce.cc:514:run$360 [0]
  Optimizing cells in module \top.
Performed a total of 4 changes.

2.31.5. Executing OPT_MERGE pass (detect identical cells).
Finding identical cells in module `\top'.
Removed a total of 0 cells.

2.31.6. Executing OPT_DFF pass (perform DFF optimizations).

2.31.7. Executing OPT_CLEAN pass (remove unused cells and wires).
Finding unused cells or wires in module \top..

2.31.8. Executing OPT_EXPR pass (perform const folding).
Optimizing module top.

2.31.9. Rerunning OPT passes. (Maybe there is more to do..)

2.31.10. Executing OPT_MUXTREE pass (detect dead branches in mux trees).
Running muxtree optimizer on module \top..
  Creating internal representation of mux trees.
  Evaluating internal representation of mux trees.
  Analyzing evaluation results.
Removed 0 multiplexer ports.
<suppressed ~6 debug messages>

2.31.11. Executing OPT_REDUCE pass (consolidate $*mux and $reduce_* inputs).
  Optimizing cells in module \top.
Performed a total of 0 changes.

2.31.12. Executing OPT_MERGE pass (detect identical cells).
Finding identical cells in module `\top'.
Removed a total of 0 cells.

2.31.13. Executing OPT_DFF pass (perform DFF optimizations).

2.31.14. Executing OPT_CLEAN pass (remove unused cells and wires).
Finding unused cells or wires in module \top..

2.31.15. Executing OPT_EXPR pass (perform const folding).
Optimizing module top.

2.31.16. Finished OPT passes. (There is nothing left to do.)

2.32. Executing TECHMAP pass (map to technology primitives).

2.32.1. Executing Verilog-2005 frontend: /usr/bin/../share/yosys/techmap.v
Parsing Verilog input from `/usr/bin/../share/yosys/techmap.v' to AST representation.
Generating RTLIL representation for module `\_90_simplemap_bool_ops'.
Generating RTLIL representation for module `\_90_simplemap_reduce_ops'.
Generating RTLIL representation for module `\_90_simplemap_logic_ops'.
Generating RTLIL representation for module `\_90_simplemap_compare_ops'.
Generating RTLIL representation for module `\_90_simplemap_various'.
Generating RTLIL representation for module `\_90_simplemap_registers'.
Generating RTLIL representation for module `\_90_shift_ops_shr_shl_sshl_sshr'.
Generating RTLIL representation for module `\_90_shift_shiftx'.
Generating RTLIL representation for module `\_90_fa'.
Generating RTLIL representation for module `\_90_lcu_brent_kung'.
Generating RTLIL representation for module `\_90_alu'.
Generating RTLIL representation for module `\_90_macc'.
Generating RTLIL representation for module `\_90_alumacc'.
Generating RTLIL representation for module `\$__div_mod_u'.
Generating RTLIL representation for module `\$__div_mod_trunc'.
Generating RTLIL representation for module `\_90_div'.
Generating RTLIL representation for module `\_90_mod'.
Generating RTLIL representation for module `\$__div_mod_floor'.
Generating RTLIL representation for module `\_90_divfloor'.
Generating RTLIL representation for module `\_90_modfloor'.
Generating RTLIL representation for module `\_90_pow'.
Generating RTLIL representation for module `\_90_pmux'.
Generating RTLIL representation for module `\_90_demux'.
Generating RTLIL representation for module `\_90_lut'.
Successfully finished Verilog frontend.

2.32.2. Executing Verilog-2005 frontend: /usr/bin/../share/yosys/ecp5/arith_map.v
Parsing Verilog input from `/usr/bin/../share/yosys/ecp5/arith_map.v' to AST representation.
Generating RTLIL representation for module `\_80_ecp5_alu'.
Successfully finished Verilog frontend.

2.32.3. Continuing TECHMAP pass.
Using extmapper simplemap for cells of type $not.
Using template $paramod$6a42b6fefed750f8a1c58eab59479d960557103c\_80_ecp5_alu for cells of type $alu.
Using extmapper simplemap for cells of type $reduce_and.
Using extmapper simplemap for cells of type $sdff.
Using extmapper simplemap for cells of type $dffe.
Using extmapper simplemap for cells of type $reduce_or.
Using extmapper simplemap for cells of type $or.
Using template $paramod$f28c2cd9134f40f47797db058eb5bf3d72058f07\_80_ecp5_alu for cells of type $alu.
Using extmapper simplemap for cells of type $eq.
Using extmapper simplemap for cells of type $mux.
Using extmapper simplemap for cells of type $logic_not.
Using extmapper simplemap for cells of type $logic_or.
Using extmapper simplemap for cells of type $logic_and.
Using extmapper simplemap for cells of type $xor.
Using extmapper simplemap for cells of type $pos.
No more expansions possible.
<suppressed ~303 debug messages>

2.33. Executing OPT pass (performing simple optimizations).

2.33.1. Executing OPT_EXPR pass (perform const folding).
Optimizing module top.
<suppressed ~405 debug messages>

2.33.2. Executing OPT_MERGE pass (detect identical cells).
Finding identical cells in module `\top'.
<suppressed ~252 debug messages>
Removed a total of 84 cells.

2.33.3. Executing OPT_DFF pass (perform DFF optimizations).

2.33.4. Executing OPT_CLEAN pass (remove unused cells and wires).
Finding unused cells or wires in module \top..
Removed 45 unused cells and 260 unused wires.
<suppressed ~46 debug messages>

2.33.5. Finished fast OPT passes.

2.34. Executing OPT_CLEAN pass (remove unused cells and wires).
Finding unused cells or wires in module \top..

2.35. Executing DFFLEGALIZE pass (convert FFs to types supported by the target).

2.36. Executing TECHMAP pass (map to technology primitives).

2.36.1. Executing Verilog-2005 frontend: /usr/bin/../share/yosys/ecp5/cells_map.v
Parsing Verilog input from `/usr/bin/../share/yosys/ecp5/cells_map.v' to AST representation.
Generating RTLIL representation for module `\$_DFF_N_'.
Generating RTLIL representation for module `\$_DFF_P_'.
Generating RTLIL representation for module `\$_DFFE_NN_'.
Generating RTLIL representation for module `\$_DFFE_PN_'.
Generating RTLIL representation for module `\$_DFFE_NP_'.
Generating RTLIL representation for module `\$_DFFE_PP_'.
Generating RTLIL representation for module `\$_DFF_NP0_'.
Generating RTLIL representation for module `\$_DFF_NP1_'.
Generating RTLIL representation for module `\$_DFF_PP0_'.
Generating RTLIL representation for module `\$_DFF_PP1_'.
Generating RTLIL representation for module `\$_SDFF_NP0_'.
Generating RTLIL representation for module `\$_SDFF_NP1_'.
Generating RTLIL representation for module `\$_SDFF_PP0_'.
Generating RTLIL representation for module `\$_SDFF_PP1_'.
Generating RTLIL representation for module `\$_DFFE_NP0P_'.
Generating RTLIL representation for module `\$_DFFE_NP1P_'.
Generating RTLIL representation for module `\$_DFFE_PP0P_'.
Generating RTLIL representation for module `\$_DFFE_PP1P_'.
Generating RTLIL representation for module `\$_DFFE_NP0N_'.
Generating RTLIL representation for module `\$_DFFE_NP1N_'.
Generating RTLIL representation for module `\$_DFFE_PP0N_'.
Generating RTLIL representation for module `\$_DFFE_PP1N_'.
Generating RTLIL representation for module `\$_SDFFE_NP0P_'.
Generating RTLIL representation for module `\$_SDFFE_NP1P_'.
Generating RTLIL representation for module `\$_SDFFE_PP0P_'.
Generating RTLIL representation for module `\$_SDFFE_PP1P_'.
Generating RTLIL representation for module `\$_SDFFE_NP0N_'.
Generating RTLIL representation for module `\$_SDFFE_NP1N_'.
Generating RTLIL representation for module `\$_SDFFE_PP0N_'.
Generating RTLIL representation for module `\$_SDFFE_PP1N_'.
Generating RTLIL representation for module `\$_ALDFF_NP_'.
Generating RTLIL representation for module `\$_ALDFF_PP_'.
Generating RTLIL representation for module `\$_ALDFFE_NPN_'.
Generating RTLIL representation for module `\$_ALDFFE_NPP_'.
Generating RTLIL representation for module `\$_ALDFFE_PPN_'.
Generating RTLIL representation for module `\$_ALDFFE_PPP_'.
Generating RTLIL representation for module `\FD1P3AX'.
Generating RTLIL representation for module `\FD1P3AY'.
Generating RTLIL representation for module `\FD1P3BX'.
Generating RTLIL representation for module `\FD1P3DX'.
Generating RTLIL representation for module `\FD1P3IX'.
Generating RTLIL representation for module `\FD1P3JX'.
Generating RTLIL representation for module `\FD1S3AX'.
Generating RTLIL representation for module `\FD1S3AY'.
Generating RTLIL representation for module `\FD1S3BX'.
Generating RTLIL representation for module `\FD1S3DX'.
Generating RTLIL representation for module `\FD1S3IX'.
Generating RTLIL representation for module `\FD1S3JX'.
Generating RTLIL representation for module `\IFS1P3BX'.
Generating RTLIL representation for module `\IFS1P3DX'.
Generating RTLIL representation for module `\IFS1P3IX'.
Generating RTLIL representation for module `\IFS1P3JX'.
Generating RTLIL representation for module `\OFS1P3BX'.
Generating RTLIL representation for module `\OFS1P3DX'.
Generating RTLIL representation for module `\OFS1P3IX'.
Generating RTLIL representation for module `\OFS1P3JX'.
Generating RTLIL representation for module `\IB'.
Generating RTLIL representation for module `\IBPU'.
Generating RTLIL representation for module `\IBPD'.
Generating RTLIL representation for module `\OB'.
Generating RTLIL representation for module `\OBZ'.
Generating RTLIL representation for module `\OBZPU'.
Generating RTLIL representation for module `\OBZPD'.
Generating RTLIL representation for module `\OBCO'.
Generating RTLIL representation for module `\BB'.
Generating RTLIL representation for module `\BBPU'.
Generating RTLIL representation for module `\BBPD'.
Generating RTLIL representation for module `\ILVDS'.
Generating RTLIL representation for module `\OLVDS'.
Successfully finished Verilog frontend.

2.36.2. Continuing TECHMAP pass.
Using template $paramod\$_DFFE_PP_\_TECHMAP_WIREINIT_Q_=1'0 for cells of type $_DFFE_PP_.
Using template \$_SDFF_PP1_ for cells of type $_SDFF_PP1_.
Using template \$_SDFF_PP0_ for cells of type $_SDFF_PP0_.
No more expansions possible.
<suppressed ~122 debug messages>

2.37. Executing OPT_EXPR pass (perform const folding).
Optimizing module top.

2.38. Executing SIMPLEMAP pass (map simple cells to gate primitives).

2.39. Executing LATTICE_GSR pass (implement FF init values).
Handling GSR in top.

2.40. Executing ATTRMVCP pass (move or copy attributes).

2.41. Executing OPT_CLEAN pass (remove unused cells and wires).
Finding unused cells or wires in module \top..
Removed 0 unused cells and 200 unused wires.
<suppressed ~1 debug messages>

2.42. Executing TECHMAP pass (map to technology primitives).

2.42.1. Executing Verilog-2005 frontend: /usr/bin/../share/yosys/ecp5/latches_map.v
Parsing Verilog input from `/usr/bin/../share/yosys/ecp5/latches_map.v' to AST representation.
Generating RTLIL representation for module `\$_DLATCH_N_'.
Generating RTLIL representation for module `\$_DLATCH_P_'.
Successfully finished Verilog frontend.

2.42.2. Continuing TECHMAP pass.
No more expansions possible.
<suppressed ~4 debug messages>

2.43. Executing ABC9 pass.

2.43.1. Executing ABC9_OPS pass (helper functions for ABC9).

2.43.2. Executing ABC9_OPS pass (helper functions for ABC9).

2.43.3. Executing SCC pass (detecting logic loops).
Found an SCC: $auto$simplemap.cc:38:simplemap_not$1364 $auto$ff.cc:266:slice$737 $auto$opt_expr.cc:617:replace_const_cells$1560 $auto$ff.cc:266:slice$752 $auto$simplemap.cc:134:simplemap_reduce$695 $auto$opt_expr.cc:617:replace_const_cells$1558 $auto$ff.cc:266:slice$751 $auto$opt_expr.cc:617:replace_const_cells$1556 $auto$ff.cc:266:slice$750 $auto$simplemap.cc:134:simplemap_reduce$704 $auto$simplemap.cc:134:simplemap_reduce$694 $auto$simplemap.cc:38:simplemap_not$1376 $auto$ff.cc:266:slice$749 $auto$simplemap.cc:38:simplemap_not$1375 $auto$ff.cc:266:slice$748 $auto$simplemap.cc:134:simplemap_reduce$693 $auto$opt_expr.cc:617:replace_const_cells$1550 $auto$ff.cc:266:slice$747 $auto$simplemap.cc:38:simplemap_not$1373 $auto$ff.cc:266:slice$746 $auto$simplemap.cc:134:simplemap_reduce$709 $auto$simplemap.cc:134:simplemap_reduce$703 $auto$simplemap.cc:134:simplemap_reduce$692 $auto$opt_expr.cc:617:replace_const_cells$1546 $auto$ff.cc:266:slice$745 $auto$opt_expr.cc:617:replace_const_cells$1544 $auto$ff.cc:266:slice$744 $auto$simplemap.cc:134:simplemap_reduce$691 $auto$ff.cc:266:slice$743 $auto$simplemap.cc:38:simplemap_not$1369 $auto$ff.cc:266:slice$742 $auto$simplemap.cc:134:simplemap_reduce$702 $auto$simplemap.cc:134:simplemap_reduce$690 $auto$simplemap.cc:38:simplemap_not$1368 $auto$ff.cc:266:slice$741 $auto$ff.cc:266:slice$740 $auto$simplemap.cc:134:simplemap_reduce$689 $auto$ff.cc:266:slice$739 $auto$simplemap.cc:134:simplemap_reduce$712 $auto$simplemap.cc:134:simplemap_reduce$708 $auto$simplemap.cc:134:simplemap_reduce$701 $auto$simplemap.cc:134:simplemap_reduce$688 $auto$ff.cc:266:slice$738 $auto$ff.cc:266:slice$736 $auto$simplemap.cc:134:simplemap_reduce$687 $auto$ff.cc:266:slice$735 $auto$simplemap.cc:38:simplemap_not$1361 $auto$ff.cc:266:slice$734 $auto$simplemap.cc:134:simplemap_reduce$700 $auto$simplemap.cc:134:simplemap_reduce$686 $auto$ff.cc:266:slice$733 $auto$simplemap.cc:38:simplemap_not$1359 $auto$ff.cc:266:slice$732 $auto$simplemap.cc:134:simplemap_reduce$685 $auto$ff.cc:266:slice$731 $auto$ff.cc:266:slice$730 $auto$simplemap.cc:134:simplemap_reduce$707 $auto$simplemap.cc:134:simplemap_reduce$699 $auto$simplemap.cc:134:simplemap_reduce$684 $auto$ff.cc:266:slice$729 $auto$ff.cc:266:slice$728 $auto$simplemap.cc:134:simplemap_reduce$683 $auto$opt_expr.cc:617:replace_const_cells$1532 $auto$ff.cc:266:slice$727 $auto$opt_expr.cc:617:replace_const_cells$1534 $auto$ff.cc:266:slice$726 $auto$simplemap.cc:134:simplemap_reduce$698 $auto$simplemap.cc:134:simplemap_reduce$682 $auto$ff.cc:266:slice$725 $auto$simplemap.cc:38:simplemap_not$855 $auto$simplemap.cc:233:simplemap_logbin$1380 $auto$alumacc.cc:495:replace_alu$370.slice[26].ccu2c_i $auto$alumacc.cc:495:replace_alu$370.slice[24].ccu2c_i $auto$alumacc.cc:495:replace_alu$370.slice[22].ccu2c_i $auto$alumacc.cc:495:replace_alu$370.slice[20].ccu2c_i $auto$alumacc.cc:495:replace_alu$370.slice[18].ccu2c_i $auto$alumacc.cc:495:replace_alu$370.slice[16].ccu2c_i $auto$alumacc.cc:495:replace_alu$370.slice[14].ccu2c_i $auto$alumacc.cc:495:replace_alu$370.slice[12].ccu2c_i $auto$alumacc.cc:495:replace_alu$370.slice[10].ccu2c_i $auto$alumacc.cc:495:replace_alu$370.slice[8].ccu2c_i $auto$alumacc.cc:495:replace_alu$370.slice[6].ccu2c_i $auto$alumacc.cc:495:replace_alu$370.slice[4].ccu2c_i $auto$alumacc.cc:495:replace_alu$370.slice[2].ccu2c_i $auto$alumacc.cc:495:replace_alu$370.slice[0].ccu2c_i $auto$ff.cc:266:slice$724 $auto$simplemap.cc:134:simplemap_reduce$681 $auto$simplemap.cc:38:simplemap_not$1350 $auto$ff.cc:266:slice$723 $auto$simplemap.cc:38:simplemap_not$1349 $auto$ff.cc:266:slice$722 $auto$simplemap.cc:134:simplemap_reduce$714 $auto$simplemap.cc:134:simplemap_reduce$711 $auto$simplemap.cc:134:simplemap_reduce$706 $auto$simplemap.cc:134:simplemap_reduce$697 $auto$simplemap.cc:134:simplemap_reduce$680 $auto$simplemap.cc:38:simplemap_not$1348 $auto$ff.cc:266:slice$721 $auto$simplemap.cc:134:simplemap_reduce$754 $auto$simplemap.cc:38:simplemap_not$755 $auto$simplemap.cc:83:simplemap_bitop$774
Found 1 SCCs in module top.
Found 1 SCCs.

2.43.4. Executing ABC9_OPS pass (helper functions for ABC9).

2.43.5. Executing PROC pass (convert processes to netlists).

2.43.5.1. Executing PROC_CLEAN pass (remove empty switches from decision trees).
Cleaned up 0 empty switches.

2.43.5.2. Executing PROC_RMDEAD pass (remove dead branches from decision trees).
Removed a total of 0 dead cases.

2.43.5.3. Executing PROC_PRUNE pass (remove redundant assignments in processes).
Removed 0 redundant assignments.
Promoted 0 assignments to connections.

2.43.5.4. Executing PROC_INIT pass (extract init attributes).

2.43.5.5. Executing PROC_ARST pass (detect async resets in processes).

2.43.5.6. Executing PROC_ROM pass (convert switches to ROMs).
Converted 0 switches.

2.43.5.7. Executing PROC_MUX pass (convert decision trees to multiplexers).

2.43.5.8. Executing PROC_DLATCH pass (convert process syncs to latches).

2.43.5.9. Executing PROC_DFF pass (convert process syncs to FFs).

2.43.5.10. Executing PROC_MEMWR pass (convert process memory writes to cells).

2.43.5.11. Executing PROC_CLEAN pass (remove empty switches from decision trees).
Cleaned up 0 empty switches.

2.43.5.12. Executing OPT_EXPR pass (perform const folding).

2.43.6. Executing TECHMAP pass (map to technology primitives).

2.43.6.1. Executing Verilog-2005 frontend: /usr/bin/../share/yosys/techmap.v
Parsing Verilog input from `/usr/bin/../share/yosys/techmap.v' to AST representation.
Generating RTLIL representation for module `\_90_simplemap_bool_ops'.
Generating RTLIL representation for module `\_90_simplemap_reduce_ops'.
Generating RTLIL representation for module `\_90_simplemap_logic_ops'.
Generating RTLIL representation for module `\_90_simplemap_compare_ops'.
Generating RTLIL representation for module `\_90_simplemap_various'.
Generating RTLIL representation for module `\_90_simplemap_registers'.
Generating RTLIL representation for module `\_90_shift_ops_shr_shl_sshl_sshr'.
Generating RTLIL representation for module `\_90_shift_shiftx'.
Generating RTLIL representation for module `\_90_fa'.
Generating RTLIL representation for module `\_90_lcu_brent_kung'.
Generating RTLIL representation for module `\_90_alu'.
Generating RTLIL representation for module `\_90_macc'.
Generating RTLIL representation for module `\_90_alumacc'.
Generating RTLIL representation for module `\$__div_mod_u'.
Generating RTLIL representation for module `\$__div_mod_trunc'.
Generating RTLIL representation for module `\_90_div'.
Generating RTLIL representation for module `\_90_mod'.
Generating RTLIL representation for module `\$__div_mod_floor'.
Generating RTLIL representation for module `\_90_divfloor'.
Generating RTLIL representation for module `\_90_modfloor'.
Generating RTLIL representation for module `\_90_pow'.
Generating RTLIL representation for module `\_90_pmux'.
Generating RTLIL representation for module `\_90_demux'.
Generating RTLIL representation for module `\_90_lut'.
Successfully finished Verilog frontend.

2.43.6.2. Continuing TECHMAP pass.
No more expansions possible.
<suppressed ~162 debug messages>

2.43.7. Executing OPT pass (performing simple optimizations).

2.43.7.1. Executing OPT_EXPR pass (perform const folding).

2.43.7.2. Executing OPT_MERGE pass (detect identical cells).
Removed a total of 0 cells.

2.43.7.3. Executing OPT_MUXTREE pass (detect dead branches in mux trees).
Removed 0 multiplexer ports.

2.43.7.4. Executing OPT_REDUCE pass (consolidate $*mux and $reduce_* inputs).
Performed a total of 0 changes.

2.43.7.5. Executing OPT_MERGE pass (detect identical cells).
Removed a total of 0 cells.

2.43.7.6. Executing OPT_DFF pass (perform DFF optimizations).

2.43.7.7. Executing OPT_CLEAN pass (remove unused cells and wires).

2.43.7.8. Executing OPT_EXPR pass (perform const folding).

2.43.7.9. Finished OPT passes. (There is nothing left to do.)

2.43.8. Executing TECHMAP pass (map to technology primitives).

2.43.8.1. Executing Verilog-2005 frontend: /usr/bin/../share/yosys/abc9_map.v
Parsing Verilog input from `/usr/bin/../share/yosys/abc9_map.v' to AST representation.
Successfully finished Verilog frontend.

2.43.8.2. Continuing TECHMAP pass.
No more expansions possible.
<suppressed ~2 debug messages>

2.43.9. Executing Verilog-2005 frontend: /usr/bin/../share/yosys/abc9_model.v
Parsing Verilog input from `/usr/bin/../share/yosys/abc9_model.v' to AST representation.
Generating RTLIL representation for module `$__ABC9_DELAY'.
Generating RTLIL representation for module `$__ABC9_SCC_BREAKER'.
Generating RTLIL representation for module `$__DFF_N__$abc9_flop'.
Generating RTLIL representation for module `$__DFF_P__$abc9_flop'.
Successfully finished Verilog frontend.

2.43.10. Executing ABC9_OPS pass (helper functions for ABC9).
<suppressed ~2 debug messages>

2.43.11. Executing ABC9_OPS pass (helper functions for ABC9).

2.43.12. Executing ABC9_OPS pass (helper functions for ABC9).
<suppressed ~2 debug messages>

2.43.13. Executing TECHMAP pass (map to technology primitives).

2.43.13.1. Executing Verilog-2005 frontend: /usr/bin/../share/yosys/techmap.v
Parsing Verilog input from `/usr/bin/../share/yosys/techmap.v' to AST representation.
Generating RTLIL representation for module `\_90_simplemap_bool_ops'.
Generating RTLIL representation for module `\_90_simplemap_reduce_ops'.
Generating RTLIL representation for module `\_90_simplemap_logic_ops'.
Generating RTLIL representation for module `\_90_simplemap_compare_ops'.
Generating RTLIL representation for module `\_90_simplemap_various'.
Generating RTLIL representation for module `\_90_simplemap_registers'.
Generating RTLIL representation for module `\_90_shift_ops_shr_shl_sshl_sshr'.
Generating RTLIL representation for module `\_90_shift_shiftx'.
Generating RTLIL representation for module `\_90_fa'.
Generating RTLIL representation for module `\_90_lcu_brent_kung'.
Generating RTLIL representation for module `\_90_alu'.
Generating RTLIL representation for module `\_90_macc'.
Generating RTLIL representation for module `\_90_alumacc'.
Generating RTLIL representation for module `\$__div_mod_u'.
Generating RTLIL representation for module `\$__div_mod_trunc'.
Generating RTLIL representation for module `\_90_div'.
Generating RTLIL representation for module `\_90_mod'.
Generating RTLIL representation for module `\$__div_mod_floor'.
Generating RTLIL representation for module `\_90_divfloor'.
Generating RTLIL representation for module `\_90_modfloor'.
Generating RTLIL representation for module `\_90_pow'.
Generating RTLIL representation for module `\_90_pmux'.
Generating RTLIL representation for module `\_90_demux'.
Generating RTLIL representation for module `\_90_lut'.
Successfully finished Verilog frontend.

2.43.13.2. Continuing TECHMAP pass.
Using template $paramod$838872d5a4bab89607f53482b205c0fd50d8b82e\CCU2C for cells of type $paramod$838872d5a4bab89607f53482b205c0fd50d8b82e\CCU2C.
Using template $paramod\LUT2\INIT=4'1010 for cells of type LUT2.
Using extmapper simplemap for cells of type $xor.
Using extmapper simplemap for cells of type $and.
Using template $paramod\LUT4\INIT=16'1001011010101010 for cells of type LUT4.
Using extmapper simplemap for cells of type $not.
Using extmapper simplemap for cells of type $or.
Using extmapper simplemap for cells of type $mux.
No more expansions possible.
<suppressed ~201 debug messages>

2.43.14. Executing OPT pass (performing simple optimizations).

2.43.14.1. Executing OPT_EXPR pass (perform const folding).
Optimizing module top.
<suppressed ~18 debug messages>

2.43.14.2. Executing OPT_MERGE pass (detect identical cells).
Finding identical cells in module `\top'.
<suppressed ~6 debug messages>
Removed a total of 2 cells.

2.43.14.3. Executing OPT_MUXTREE pass (detect dead branches in mux trees).
Running muxtree optimizer on module \top..
  Creating internal representation of mux trees.
  No muxes found in this module.
Removed 0 multiplexer ports.

2.43.14.4. Executing OPT_REDUCE pass (consolidate $*mux and $reduce_* inputs).
  Optimizing cells in module \top.
Performed a total of 0 changes.

2.43.14.5. Executing OPT_MERGE pass (detect identical cells).
Finding identical cells in module `\top'.
Removed a total of 0 cells.

2.43.14.6. Executing OPT_DFF pass (perform DFF optimizations).

2.43.14.7. Executing OPT_CLEAN pass (remove unused cells and wires).
Finding unused cells or wires in module \top..
Removed 0 unused cells and 55 unused wires.
<suppressed ~1 debug messages>

2.43.14.8. Executing OPT_EXPR pass (perform const folding).
Optimizing module top.

2.43.14.9. Rerunning OPT passes. (Maybe there is more to do..)

2.43.14.10. Executing OPT_MUXTREE pass (detect dead branches in mux trees).
Running muxtree optimizer on module \top..
  Creating internal representation of mux trees.
  No muxes found in this module.
Removed 0 multiplexer ports.

2.43.14.11. Executing OPT_REDUCE pass (consolidate $*mux and $reduce_* inputs).
  Optimizing cells in module \top.
Performed a total of 0 changes.

2.43.14.12. Executing OPT_MERGE pass (detect identical cells).
Finding identical cells in module `\top'.
Removed a total of 0 cells.

2.43.14.13. Executing OPT_DFF pass (perform DFF optimizations).

2.43.14.14. Executing OPT_CLEAN pass (remove unused cells and wires).
Finding unused cells or wires in module \top..

2.43.14.15. Executing OPT_EXPR pass (perform const folding).
Optimizing module top.

2.43.14.16. Finished OPT passes. (There is nothing left to do.)

2.43.15. Executing AIGMAP pass (map logic to AIG).
Module top: replaced 18 cells with 120 new cells, skipped 39 cells.
  replaced 3 cell types:
       2 $_OR_
       2 $_XOR_
      14 $_MUX_
  not replaced 3 cell types:
      31 $specify2
       4 $_NOT_
       4 $_AND_

2.43.16. Executing AIGMAP pass (map logic to AIG).
Module top: replaced 131 cells with 740 new cells, skipped 151 cells.
  replaced 2 cell types:
      59 $_OR_
      72 $_MUX_
  not replaced 7 cell types:
       2 $scopeinfo
      46 $_NOT_
      31 $_AND_
      40 TRELLIS_FF
       1 OSCG
      30 $paramod$838872d5a4bab89607f53482b205c0fd50d8b82e\CCU2C
       1 $__ABC9_SCC_BREAKER

2.43.16.1. Executing ABC9_OPS pass (helper functions for ABC9).

2.43.16.2. Executing ABC9_OPS pass (helper functions for ABC9).

2.43.16.3. Executing XAIGER backend.
<suppressed ~11 debug messages>
Extracted 306 AND gates and 984 wires from module `top' to a netlist network with 53 inputs and 67 outputs.

2.43.16.4. Executing ABC9_EXE pass (technology mapping using ABC9).

2.43.16.5. Executing ABC9.
Running ABC command: "<yosys-exe-dir>/yosys-abc" -s -f <abc-temp-dir>/abc.script 2>&1
ABC: ABC command line: "source <abc-temp-dir>/abc.script".
ABC: 
ABC: + read_lut <abc-temp-dir>/input.lut 
ABC: + read_box <abc-temp-dir>/input.box 
ABC: + &read <abc-temp-dir>/input.xaig 
ABC: + &ps 
ABC: <abc-temp-dir>/input : i/o =     53/     67  and =     197  lev =   25 (0.60)  mem = 0.01 MB  box = 30  bb = 0
ABC: + &scorr 
ABC: Warning: The network is combinational.
ABC: + &sweep 
ABC: + &dc2 
ABC: + &dch -f 
ABC: + &ps 
ABC: <abc-temp-dir>/input : i/o =     53/     67  and =     165  lev =    7 (0.31)  mem = 0.01 MB  ch =   26  box = 30  bb = 0
ABC: cst =       0  cls =     26  lit =      26  unused =     256  proof =     0
ABC: + &if -W 300 -v 
ABC: K = 7. Memory (bytes): Truth =    0. Cut =   64. Obj =  148. Set =  672. CutMin = no
ABC: Node =     165.  Ch =    26.  Total mem =    0.10 MB. Peak cut mem =    0.02 MB.
ABC: P:  Del = 1836.00.  Ar =      95.0.  Edge =      155.  Cut =     2792.  T =     0.00 sec
ABC: P:  Del = 1836.00.  Ar =      99.0.  Edge =      162.  Cut =     2792.  T =     0.00 sec
ABC: P:  Del = 1836.00.  Ar =      70.0.  Edge =      157.  Cut =     3198.  T =     0.00 sec
ABC: F:  Del = 1809.00.  Ar =      46.0.  Edge =      124.  Cut =     2907.  T =     0.00 sec
ABC: A:  Del = 1809.00.  Ar =      45.0.  Edge =      117.  Cut =     2930.  T =     0.00 sec
ABC: A:  Del = 1809.00.  Ar =      45.0.  Edge =      117.  Cut =     2896.  T =     0.00 sec
ABC: Total time =     0.00 sec
ABC: + &write -n <abc-temp-dir>/output.aig 
ABC: + &mfs 
ABC: The network is not changed by "&mfs".
ABC: + &ps -l 
ABC: <abc-temp-dir>/input : i/o =     53/     67  and =     202  lev =    7 (0.31)  mem = 0.01 MB  box = 30  bb = 0
ABC: Mapping (K=6)  :  lut =     31  edge =     117  lev =    3 (0.12)  levB =   16  mem = 0.00 MB
ABC: LUT = 31 : 2=9 29.0 %  3=2 6.5 %  4=8 25.8 %  5=11 35.5 %  6=1 3.2 %  Ave = 3.77
ABC: + &write -n <abc-temp-dir>/output.aig 
ABC: + time 
ABC: elapse: 0.04 seconds, total: 0.04 seconds

2.43.16.6. Executing AIGER frontend.
<suppressed ~252 debug messages>
Removed 248 unused cells and 757 unused wires.

2.43.16.7. Executing ABC9_OPS pass (helper functions for ABC9).
ABC RESULTS:              $lut cells:       33
ABC RESULTS:   $paramod$838872d5a4bab89607f53482b205c0fd50d8b82e\CCU2C cells:       30
ABC RESULTS:           input signals:        7
ABC RESULTS:          output signals:       20
Removing temp directory.

2.43.17. Executing TECHMAP pass (map to technology primitives).

2.43.17.1. Executing Verilog-2005 frontend: /usr/bin/../share/yosys/abc9_unmap.v
Parsing Verilog input from `/usr/bin/../share/yosys/abc9_unmap.v' to AST representation.
Generating RTLIL representation for module `\$__DFF_x__$abc9_flop'.
Generating RTLIL representation for module `\$__ABC9_SCC_BREAKER'.
Successfully finished Verilog frontend.

2.43.17.2. Continuing TECHMAP pass.
Using template $paramod$838872d5a4bab89607f53482b205c0fd50d8b82e\CCU2C for cells of type $paramod$838872d5a4bab89607f53482b205c0fd50d8b82e\CCU2C.
Using template $paramod\$__ABC9_SCC_BREAKER\WIDTH=32'00000000000000000000000000000001 for cells of type $__ABC9_SCC_BREAKER.
No more expansions possible.
<suppressed ~48 debug messages>
Removed 16 unused cells and 1297 unused wires.

2.44. Executing TECHMAP pass (map to technology primitives).

2.44.1. Executing Verilog-2005 frontend: /usr/bin/../share/yosys/ecp5/cells_map.v
Parsing Verilog input from `/usr/bin/../share/yosys/ecp5/cells_map.v' to AST representation.
Generating RTLIL representation for module `\$_DFF_N_'.
Generating RTLIL representation for module `\$_DFF_P_'.
Generating RTLIL representation for module `\$_DFFE_NN_'.
Generating RTLIL representation for module `\$_DFFE_PN_'.
Generating RTLIL representation for module `\$_DFFE_NP_'.
Generating RTLIL representation for module `\$_DFFE_PP_'.
Generating RTLIL representation for module `\$_DFF_NP0_'.
Generating RTLIL representation for module `\$_DFF_NP1_'.
Generating RTLIL representation for module `\$_DFF_PP0_'.
Generating RTLIL representation for module `\$_DFF_PP1_'.
Generating RTLIL representation for module `\$_SDFF_NP0_'.
Generating RTLIL representation for module `\$_SDFF_NP1_'.
Generating RTLIL representation for module `\$_SDFF_PP0_'.
Generating RTLIL representation for module `\$_SDFF_PP1_'.
Generating RTLIL representation for module `\$_DFFE_NP0P_'.
Generating RTLIL representation for module `\$_DFFE_NP1P_'.
Generating RTLIL representation for module `\$_DFFE_PP0P_'.
Generating RTLIL representation for module `\$_DFFE_PP1P_'.
Generating RTLIL representation for module `\$_DFFE_NP0N_'.
Generating RTLIL representation for module `\$_DFFE_NP1N_'.
Generating RTLIL representation for module `\$_DFFE_PP0N_'.
Generating RTLIL representation for module `\$_DFFE_PP1N_'.
Generating RTLIL representation for module `\$_SDFFE_NP0P_'.
Generating RTLIL representation for module `\$_SDFFE_NP1P_'.
Generating RTLIL representation for module `\$_SDFFE_PP0P_'.
Generating RTLIL representation for module `\$_SDFFE_PP1P_'.
Generating RTLIL representation for module `\$_SDFFE_NP0N_'.
Generating RTLIL representation for module `\$_SDFFE_NP1N_'.
Generating RTLIL representation for module `\$_SDFFE_PP0N_'.
Generating RTLIL representation for module `\$_SDFFE_PP1N_'.
Generating RTLIL representation for module `\$_ALDFF_NP_'.
Generating RTLIL representation for module `\$_ALDFF_PP_'.
Generating RTLIL representation for module `\$_ALDFFE_NPN_'.
Generating RTLIL representation for module `\$_ALDFFE_NPP_'.
Generating RTLIL representation for module `\$_ALDFFE_PPN_'.
Generating RTLIL representation for module `\$_ALDFFE_PPP_'.
Generating RTLIL representation for module `\FD1P3AX'.
Generating RTLIL representation for module `\FD1P3AY'.
Generating RTLIL representation for module `\FD1P3BX'.
Generating RTLIL representation for module `\FD1P3DX'.
Generating RTLIL representation for module `\FD1P3IX'.
Generating RTLIL representation for module `\FD1P3JX'.
Generating RTLIL representation for module `\FD1S3AX'.
Generating RTLIL representation for module `\FD1S3AY'.
Generating RTLIL representation for module `\FD1S3BX'.
Generating RTLIL representation for module `\FD1S3DX'.
Generating RTLIL representation for module `\FD1S3IX'.
Generating RTLIL representation for module `\FD1S3JX'.
Generating RTLIL representation for module `\IFS1P3BX'.
Generating RTLIL representation for module `\IFS1P3DX'.
Generating RTLIL representation for module `\IFS1P3IX'.
Generating RTLIL representation for module `\IFS1P3JX'.
Generating RTLIL representation for module `\OFS1P3BX'.
Generating RTLIL representation for module `\OFS1P3DX'.
Generating RTLIL representation for module `\OFS1P3IX'.
Generating RTLIL representation for module `\OFS1P3JX'.
Generating RTLIL representation for module `\IB'.
Generating RTLIL representation for module `\IBPU'.
Generating RTLIL representation for module `\IBPD'.
Generating RTLIL representation for module `\OB'.
Generating RTLIL representation for module `\OBZ'.
Generating RTLIL representation for module `\OBZPU'.
Generating RTLIL representation for module `\OBZPD'.
Generating RTLIL representation for module `\OBCO'.
Generating RTLIL representation for module `\BB'.
Generating RTLIL representation for module `\BBPU'.
Generating RTLIL representation for module `\BBPD'.
Generating RTLIL representation for module `\ILVDS'.
Generating RTLIL representation for module `\OLVDS'.
Generating RTLIL representation for module `\$lut'.
Successfully finished Verilog frontend.

2.44.2. Continuing TECHMAP pass.
Using template $paramod$251994398653c4cf8de320f1e306e535d5d2d624\$lut for cells of type $lut.
Using template $paramod\$lut\WIDTH=32'00000000000000000000000000000010\LUT=4'1000 for cells of type $lut.
Using template $paramod$e1dd242985b3b6ca39f9da295fdbd441afd3fe21\$lut for cells of type $lut.
Using template $paramod$30305e55a780880b9c824fe3509a4d981acb0f2b\$lut for cells of type $lut.
Using template $paramod$8adf7fbd410d2cc654c288d5be5f7508ee8809b0\$lut for cells of type $lut.
Using template $paramod$47a8214374025465e226fa66bee690ff33268a25\$lut for cells of type $lut.
Using template $paramod$5e9374f44a27c3f8a1c38af244ec43ceb4fb8d4f\$lut for cells of type $lut.
Using template $paramod$658b9ed803f0d3d335616d3858b53e0a2522f1e8\$lut for cells of type $lut.
Using template $paramod$d6ca727e39f31d51d29072e0f33aa09c65e37336\$lut for cells of type $lut.
Using template $paramod$571404c0889eaf57f492cb5e37f8acb5df5852f9\$lut for cells of type $lut.
Using template $paramod$a5516fc31d1e552de2435200bb732b4d4ad63a9c\$lut for cells of type $lut.
Using template $paramod$26caa0993eb6bbc4ad8585ea8d55ca159d6e3c03\$lut for cells of type $lut.
Using template $paramod$fd6088d0c9027600fb9dd7a9b186f140b3c2bc93\$lut for cells of type $lut.
Using template $paramod$784f4711405f84982df518be1f8d295ab4d5b427\$lut for cells of type $lut.
Using template $paramod$575ac980db75b96ad9bfc50afefa538efbc3f233\$lut for cells of type $lut.
Using template $paramod$6c30e96f9a581ef20d66e60c8c4849cf1b34156f\$lut for cells of type $lut.
Using template $paramod$6f1a7a587d10ea62104108f8aed8de5d9af9ce6a\$lut for cells of type $lut.
Using template $paramod$8cfe0895e62585fc73449fbd1662ca34dfa02a56\$lut for cells of type $lut.
Using template $paramod$3fbf2809b1c8097809d1fdf4a1c4249dcbab6c24\$lut for cells of type $lut.
Using template $paramod$fcd27fa483b224b1eb99d1fdab121893933f0615\$lut for cells of type $lut.
Using template $paramod\$lut\WIDTH=32'00000000000000000000000000000010\LUT=4'1011 for cells of type $lut.
Using template $paramod\$lut\WIDTH=32'00000000000000000000000000000011\LUT=8'00000001 for cells of type $lut.
Using template $paramod\$lut\WIDTH=32'00000000000000000000000000000011\LUT=8'01110000 for cells of type $lut.
Using template $paramod\$lut\WIDTH=32'00000000000000000000000000000010\LUT=4'0100 for cells of type $lut.
Using template $paramod\$lut\WIDTH=32'00000000000000000000000000000001\LUT=2'01 for cells of type $lut.
No more expansions possible.
<suppressed ~430 debug messages>

2.45. Executing OPT_LUT_INS pass (discard unused LUT inputs).
Optimizing LUTs in top.
  Optimizing lut $auto$abc9_ops.cc:1549:reintegrate$3664.genblk1.genblk1.genblk1.genblk1.genblk1.lut1 (4 -> 3)
  Optimizing lut $auto$abc9_ops.cc:1549:reintegrate$3667.genblk1.genblk1.genblk1.genblk1.genblk1.genblk1.lut1 (4 -> 2)
  Optimizing lut $auto$abc9_ops.cc:1549:reintegrate$3667.genblk1.genblk1.genblk1.genblk1.genblk1.genblk1.lut2 (4 -> 2)
  Optimizing lut $auto$abc9_ops.cc:1549:reintegrate$3668.genblk1.genblk1.genblk1.genblk1.genblk1.lut1 (4 -> 2)
  Optimizing lut $abc$3651$lut$aiger3650$167.genblk1.genblk1.genblk1.genblk1.genblk1.lut0 (4 -> 0)
  Optimizing lut $abc$3651$lut$auto$wreduce.cc:514:run$363.genblk1.genblk1.genblk1.genblk1.genblk1.lut0 (4 -> 0)
  Optimizing lut $auto$abc9_ops.cc:1549:reintegrate$3663.genblk1.genblk1.genblk1.genblk1.genblk1.lut0 (4 -> 1)
  Optimizing lut $auto$abc9_ops.cc:1549:reintegrate$3665.genblk1.genblk1.genblk1.genblk1.genblk1.lut0 (4 -> 1)
  Optimizing lut $auto$abc9_ops.cc:1549:reintegrate$3667.genblk1.genblk1.genblk1.genblk1.genblk1.genblk1.lut0 (4 -> 2)
Removed 0 unused cells and 73 unused wires.

2.46. Executing AUTONAME pass.
Renamed 1504 objects in module top (64 iterations).
<suppressed ~235 debug messages>

2.47. Executing HIERARCHY pass (managing design hierarchy).
Attribute `top' found on module `top'. Setting top module to top.

2.47.1. Analyzing design hierarchy..
Top module:  \top

2.47.2. Analyzing design hierarchy..
Top module:  \top
Removed 0 unused modules.

2.48. Printing statistics.

=== top ===

   Number of wires:                125
   Number of wire bits:            311
   Number of public wires:         125
   Number of public wire bits:     311
   Number of ports:                  5
   Number of port bits:             27
   Number of memories:               0
   Number of memory bits:            0
   Number of processes:              0
   Number of cells:                134
     $scopeinfo                      2
     CCU2C                          30
     L6MUX21                         1
     LUT4                           47
     OSCG                            1
     PFUMX                          13
     TRELLIS_FF                     40

2.49. Executing CHECK pass (checking for obvious problems).
Checking module top...
Found and reported 0 problems.

2.50. Executing JSON backend.

End of script. Logfile hash: 6228d02ec8, CPU: user 1.25s system 0.17s, MEM: 30.27 MB peak
Yosys 0.52 (git sha1 fee39a3284c90249e1d9684cf6944ffbbcbb8f90)
Time spent: 33% 21x read_verilog (0 sec), 11% 22x opt_clean (0 sec), ...
