
 /----------------------------------------------------------------------------\
 |  yosys -- Yosys Open SYnthesis Suite                                       |
 |  Copyright (C) 2012 - 2025  Claire Xenia Wolf <claire@yosyshq.com>         |
 |  Distributed under an ISC-like license, type "license" to see terms        |
 \----------------------------------------------------------------------------/
 Yosys 0.52 (git sha1 fee39a3284c90249e1d9684cf6944ffbbcbb8f90)

-- Parsing `tmp.v' using frontend ` -vlog2k' --

1. Executing Verilog-2005 frontend: tmp.v
Parsing Verilog input from `tmp.v' to AST representation.
Storing AST representation for module `$abstract\fast_regular_synchronous_memory'.
Storing AST representation for module `$abstract\fast_secure_memory'.
Storing AST representation for module `$abstract\top'.
Successfully finished Verilog frontend.

-- Running command `synth_ecp5 -top top -json main.json' --

2. Executing SYNTH_ECP5 pass.

2.1. Executing Verilog-2005 frontend: /usr/bin/../share/yosys/ecp5/cells_sim.v
Parsing Verilog input from `/usr/bin/../share/yosys/ecp5/cells_sim.v' to AST representation.
Generating RTLIL representation for module `\LUT4'.
Generating RTLIL representation for module `\$__ABC9_LUT5'.
Generating RTLIL representation for module `\$__ABC9_LUT6'.
Generating RTLIL representation for module `\$__ABC9_LUT7'.
Generating RTLIL representation for module `\L6MUX21'.
Generating RTLIL representation for module `\CCU2C'.
Generating RTLIL representation for module `\TRELLIS_RAM16X2'.
Generating RTLIL representation for module `\PFUMX'.
Generating RTLIL representation for module `\TRELLIS_DPR16X4'.
Generating RTLIL representation for module `\DPR16X4C'.
Generating RTLIL representation for module `\LUT2'.
Generating RTLIL representation for module `\TRELLIS_FF'.
Generating RTLIL representation for module `\TRELLIS_IO'.
Generating RTLIL representation for module `\INV'.
Generating RTLIL representation for module `\TRELLIS_COMB'.
Generating RTLIL representation for module `\DP16KD'.
Generating RTLIL representation for module `\FD1P3AX'.
Generating RTLIL representation for module `\FD1P3AY'.
Generating RTLIL representation for module `\FD1P3BX'.
Generating RTLIL representation for module `\FD1P3DX'.
Generating RTLIL representation for module `\FD1P3IX'.
Generating RTLIL representation for module `\FD1P3JX'.
Generating RTLIL representation for module `\FD1S3AX'.
Generating RTLIL representation for module `\FD1S3AY'.
Generating RTLIL representation for module `\FD1S3BX'.
Generating RTLIL representation for module `\FD1S3DX'.
Generating RTLIL representation for module `\FD1S3IX'.
Generating RTLIL representation for module `\FD1S3JX'.
Generating RTLIL representation for module `\IFS1P3BX'.
Generating RTLIL representation for module `\IFS1P3DX'.
Generating RTLIL representation for module `\IFS1P3IX'.
Generating RTLIL representation for module `\IFS1P3JX'.
Generating RTLIL representation for module `\OFS1P3BX'.
Generating RTLIL representation for module `\OFS1P3DX'.
Generating RTLIL representation for module `\OFS1P3IX'.
Generating RTLIL representation for module `\OFS1P3JX'.
Generating RTLIL representation for module `\IB'.
Generating RTLIL representation for module `\IBPU'.
Generating RTLIL representation for module `\IBPD'.
Generating RTLIL representation for module `\OB'.
Generating RTLIL representation for module `\OBZ'.
Generating RTLIL representation for module `\OBZPU'.
Generating RTLIL representation for module `\OBZPD'.
Generating RTLIL representation for module `\OBCO'.
Generating RTLIL representation for module `\BB'.
Generating RTLIL representation for module `\BBPU'.
Generating RTLIL representation for module `\BBPD'.
Generating RTLIL representation for module `\ILVDS'.
Generating RTLIL representation for module `\OLVDS'.
Successfully finished Verilog frontend.

2.2. Executing Verilog-2005 frontend: /usr/bin/../share/yosys/ecp5/cells_bb.v
Parsing Verilog input from `/usr/bin/../share/yosys/ecp5/cells_bb.v' to AST representation.
Generating RTLIL representation for module `\MULT18X18D'.
Generating RTLIL representation for module `\ALU54B'.
Generating RTLIL representation for module `\EHXPLLL'.
Generating RTLIL representation for module `\DTR'.
Generating RTLIL representation for module `\OSCG'.
Generating RTLIL representation for module `\USRMCLK'.
Generating RTLIL representation for module `\JTAGG'.
Generating RTLIL representation for module `\DELAYF'.
Generating RTLIL representation for module `\DELAYG'.
Generating RTLIL representation for module `\IDDRX1F'.
Generating RTLIL representation for module `\IDDRX2F'.
Generating RTLIL representation for module `\IDDR71B'.
Generating RTLIL representation for module `\IDDRX2DQA'.
Generating RTLIL representation for module `\ODDRX1F'.
Generating RTLIL representation for module `\ODDRX2F'.
Generating RTLIL representation for module `\ODDR71B'.
Generating RTLIL representation for module `\OSHX2A'.
Generating RTLIL representation for module `\ODDRX2DQA'.
Generating RTLIL representation for module `\ODDRX2DQSB'.
Generating RTLIL representation for module `\TSHX2DQA'.
Generating RTLIL representation for module `\TSHX2DQSA'.
Generating RTLIL representation for module `\DQSBUFM'.
Generating RTLIL representation for module `\DDRDLLA'.
Generating RTLIL representation for module `\DLLDELD'.
Generating RTLIL representation for module `\CLKDIVF'.
Generating RTLIL representation for module `\ECLKSYNCB'.
Generating RTLIL representation for module `\ECLKBRIDGECS'.
Generating RTLIL representation for module `\DCCA'.
Generating RTLIL representation for module `\DCSC'.
Generating RTLIL representation for module `\DCUA'.
Generating RTLIL representation for module `\EXTREFB'.
Generating RTLIL representation for module `\PCSCLKDIV'.
Generating RTLIL representation for module `\PUR'.
Generating RTLIL representation for module `\GSR'.
Generating RTLIL representation for module `\SGSR'.
Generating RTLIL representation for module `\PDPW16KD'.
Successfully finished Verilog frontend.

2.3. Executing HIERARCHY pass (managing design hierarchy).

2.4. Executing AST frontend in derive mode using pre-parsed AST for module `\top'.
Generating RTLIL representation for module `\top'.

2.4.1. Analyzing design hierarchy..
Top module:  \top

2.4.2. Executing AST frontend in derive mode using pre-parsed AST for module `\fast_secure_memory'.
Generating RTLIL representation for module `\fast_secure_memory'.

2.4.3. Analyzing design hierarchy..
Top module:  \top
Used module:     \fast_secure_memory

2.4.4. Executing AST frontend in derive mode using pre-parsed AST for module `\fast_regular_synchronous_memory'.
Generating RTLIL representation for module `\fast_regular_synchronous_memory'.

2.4.5. Analyzing design hierarchy..
Top module:  \top
Used module:     \fast_secure_memory
Used module:         \fast_regular_synchronous_memory

2.4.6. Analyzing design hierarchy..
Top module:  \top
Used module:     \fast_secure_memory
Used module:         \fast_regular_synchronous_memory
Removing unused module `$abstract\top'.
Removing unused module `$abstract\fast_secure_memory'.
Removing unused module `$abstract\fast_regular_synchronous_memory'.
Removed 3 unused modules.
Mapping positional arguments of cell fast_secure_memory.mem (fast_regular_synchronous_memory).

2.5. Executing PROC pass (convert processes to netlists).

2.5.1. Executing PROC_CLEAN pass (remove empty switches from decision trees).
Found and cleaned up 1 empty switch in `\TRELLIS_DPR16X4.$proc$/usr/bin/../share/yosys/ecp5/cells_sim.v:213$117'.
Cleaned up 1 empty switch.

2.5.2. Executing PROC_RMDEAD pass (remove dead branches from decision trees).
Marked 1 switch rules as full_case in process $proc$/usr/bin/../share/yosys/ecp5/cells_sim.v:350$224 in module TRELLIS_FF.
Marked 1 switch rules as full_case in process $proc$/usr/bin/../share/yosys/ecp5/cells_sim.v:285$176 in module DPR16X4C.
Marked 1 switch rules as full_case in process $proc$/usr/bin/../share/yosys/ecp5/cells_sim.v:221$118 in module TRELLIS_DPR16X4.
Removed a total of 0 dead cases.

2.5.3. Executing PROC_PRUNE pass (remove redundant assignments in processes).
Removed 0 redundant assignments.
Promoted 49 assignments to connections.

2.5.4. Executing PROC_INIT pass (extract init attributes).
Found init rule in `\TRELLIS_FF.$proc$/usr/bin/../share/yosys/ecp5/cells_sim.v:0$225'.
  Set init value: \Q = 1'0
Found init rule in `\top.$proc$tmp.v:68$236'.
  Set init value: \chall_fast_secmem_clk = 1'0
Found init rule in `\top.$proc$tmp.v:55$234'.
  Set init value: \clk_stepdown_counter = 0
Found init rule in `\top.$proc$tmp.v:51$233'.
  Set init value: \clk_ext_soldered = 1'0

2.5.5. Executing PROC_ARST pass (detect async resets in processes).

2.5.6. Executing PROC_ROM pass (convert switches to ROMs).
Converted 0 switches.
<suppressed ~5 debug messages>

2.5.7. Executing PROC_MUX pass (convert decision trees to multiplexers).
Creating decoders for process `\TRELLIS_FF.$proc$/usr/bin/../share/yosys/ecp5/cells_sim.v:0$225'.
Creating decoders for process `\TRELLIS_FF.$proc$/usr/bin/../share/yosys/ecp5/cells_sim.v:350$224'.
     1/1: $0\Q[0:0]
Creating decoders for process `\DPR16X4C.$proc$/usr/bin/../share/yosys/ecp5/cells_sim.v:0$199'.
Creating decoders for process `\DPR16X4C.$proc$/usr/bin/../share/yosys/ecp5/cells_sim.v:285$176'.
     1/3: $1$memwr$\ram$/usr/bin/../share/yosys/ecp5/cells_sim.v:287$175_EN[3:0]$182
     2/3: $1$memwr$\ram$/usr/bin/../share/yosys/ecp5/cells_sim.v:287$175_DATA[3:0]$181
     3/3: $1$memwr$\ram$/usr/bin/../share/yosys/ecp5/cells_sim.v:287$175_ADDR[3:0]$180
Creating decoders for process `\TRELLIS_DPR16X4.$proc$/usr/bin/../share/yosys/ecp5/cells_sim.v:0$142'.
Creating decoders for process `\TRELLIS_DPR16X4.$proc$/usr/bin/../share/yosys/ecp5/cells_sim.v:221$118'.
     1/3: $1$memwr$\mem$/usr/bin/../share/yosys/ecp5/cells_sim.v:223$116_EN[3:0]$124
     2/3: $1$memwr$\mem$/usr/bin/../share/yosys/ecp5/cells_sim.v:223$116_DATA[3:0]$123
     3/3: $1$memwr$\mem$/usr/bin/../share/yosys/ecp5/cells_sim.v:223$116_ADDR[3:0]$122
Creating decoders for process `\TRELLIS_DPR16X4.$proc$/usr/bin/../share/yosys/ecp5/cells_sim.v:213$117'.
Creating decoders for process `\fast_regular_synchronous_memory.$proc$tmp.v:4$239'.
Creating decoders for process `\top.$proc$tmp.v:68$236'.
Creating decoders for process `\top.$proc$tmp.v:56$235'.
Creating decoders for process `\top.$proc$tmp.v:55$234'.
Creating decoders for process `\top.$proc$tmp.v:51$233'.
Creating decoders for process `\top.$proc$tmp.v:69$231'.
Creating decoders for process `\top.$proc$tmp.v:58$227'.
     1/2: $0\clk_stepdown_counter[31:0]
     2/2: $0\clk_stepdown[0:0]
Creating decoders for process `\top.$proc$tmp.v:52$226'.

2.5.8. Executing PROC_DLATCH pass (convert process syncs to latches).
No latch inferred for signal `\top.\clk_stepdown_count_val' from process `\top.$proc$tmp.v:56$235'.

2.5.9. Executing PROC_DFF pass (convert process syncs to FFs).
Creating register for signal `\TRELLIS_FF.\Q' using process `\TRELLIS_FF.$proc$/usr/bin/../share/yosys/ecp5/cells_sim.v:350$224'.
  created $dff cell `$procdff$315' with positive edge clock.
Creating register for signal `\DPR16X4C.\i' using process `\DPR16X4C.$proc$/usr/bin/../share/yosys/ecp5/cells_sim.v:0$199'.
  created direct connection (no actual register cell created).
Creating register for signal `\DPR16X4C.$memwr$\ram$/usr/bin/../share/yosys/ecp5/cells_sim.v:281$160_EN' using process `\DPR16X4C.$proc$/usr/bin/../share/yosys/ecp5/cells_sim.v:0$199'.
  created direct connection (no actual register cell created).
Creating register for signal `\DPR16X4C.$memwr$\ram$/usr/bin/../share/yosys/ecp5/cells_sim.v:281$161_EN' using process `\DPR16X4C.$proc$/usr/bin/../share/yosys/ecp5/cells_sim.v:0$199'.
  created direct connection (no actual register cell created).
Creating register for signal `\DPR16X4C.$memwr$\ram$/usr/bin/../share/yosys/ecp5/cells_sim.v:281$162_EN' using process `\DPR16X4C.$proc$/usr/bin/../share/yosys/ecp5/cells_sim.v:0$199'.
  created direct connection (no actual register cell created).
Creating register for signal `\DPR16X4C.$memwr$\ram$/usr/bin/../share/yosys/ecp5/cells_sim.v:281$163_EN' using process `\DPR16X4C.$proc$/usr/bin/../share/yosys/ecp5/cells_sim.v:0$199'.
  created direct connection (no actual register cell created).
Creating register for signal `\DPR16X4C.$memwr$\ram$/usr/bin/../share/yosys/ecp5/cells_sim.v:281$164_EN' using process `\DPR16X4C.$proc$/usr/bin/../share/yosys/ecp5/cells_sim.v:0$199'.
  created direct connection (no actual register cell created).
Creating register for signal `\DPR16X4C.$memwr$\ram$/usr/bin/../share/yosys/ecp5/cells_sim.v:281$165_EN' using process `\DPR16X4C.$proc$/usr/bin/../share/yosys/ecp5/cells_sim.v:0$199'.
  created direct connection (no actual register cell created).
Creating register for signal `\DPR16X4C.$memwr$\ram$/usr/bin/../share/yosys/ecp5/cells_sim.v:281$166_EN' using process `\DPR16X4C.$proc$/usr/bin/../share/yosys/ecp5/cells_sim.v:0$199'.
  created direct connection (no actual register cell created).
Creating register for signal `\DPR16X4C.$memwr$\ram$/usr/bin/../share/yosys/ecp5/cells_sim.v:281$167_EN' using process `\DPR16X4C.$proc$/usr/bin/../share/yosys/ecp5/cells_sim.v:0$199'.
  created direct connection (no actual register cell created).
Creating register for signal `\DPR16X4C.$memwr$\ram$/usr/bin/../share/yosys/ecp5/cells_sim.v:281$168_EN' using process `\DPR16X4C.$proc$/usr/bin/../share/yosys/ecp5/cells_sim.v:0$199'.
  created direct connection (no actual register cell created).
Creating register for signal `\DPR16X4C.$memwr$\ram$/usr/bin/../share/yosys/ecp5/cells_sim.v:281$169_EN' using process `\DPR16X4C.$proc$/usr/bin/../share/yosys/ecp5/cells_sim.v:0$199'.
  created direct connection (no actual register cell created).
Creating register for signal `\DPR16X4C.$memwr$\ram$/usr/bin/../share/yosys/ecp5/cells_sim.v:281$170_EN' using process `\DPR16X4C.$proc$/usr/bin/../share/yosys/ecp5/cells_sim.v:0$199'.
  created direct connection (no actual register cell created).
Creating register for signal `\DPR16X4C.$memwr$\ram$/usr/bin/../share/yosys/ecp5/cells_sim.v:281$171_EN' using process `\DPR16X4C.$proc$/usr/bin/../share/yosys/ecp5/cells_sim.v:0$199'.
  created direct connection (no actual register cell created).
Creating register for signal `\DPR16X4C.$memwr$\ram$/usr/bin/../share/yosys/ecp5/cells_sim.v:281$172_EN' using process `\DPR16X4C.$proc$/usr/bin/../share/yosys/ecp5/cells_sim.v:0$199'.
  created direct connection (no actual register cell created).
Creating register for signal `\DPR16X4C.$memwr$\ram$/usr/bin/../share/yosys/ecp5/cells_sim.v:281$173_EN' using process `\DPR16X4C.$proc$/usr/bin/../share/yosys/ecp5/cells_sim.v:0$199'.
  created direct connection (no actual register cell created).
Creating register for signal `\DPR16X4C.$memwr$\ram$/usr/bin/../share/yosys/ecp5/cells_sim.v:281$174_EN' using process `\DPR16X4C.$proc$/usr/bin/../share/yosys/ecp5/cells_sim.v:0$199'.
  created direct connection (no actual register cell created).
Creating register for signal `\DPR16X4C.$memwr$\ram$/usr/bin/../share/yosys/ecp5/cells_sim.v:287$175_ADDR' using process `\DPR16X4C.$proc$/usr/bin/../share/yosys/ecp5/cells_sim.v:285$176'.
  created $dff cell `$procdff$316' with positive edge clock.
Creating register for signal `\DPR16X4C.$memwr$\ram$/usr/bin/../share/yosys/ecp5/cells_sim.v:287$175_DATA' using process `\DPR16X4C.$proc$/usr/bin/../share/yosys/ecp5/cells_sim.v:285$176'.
  created $dff cell `$procdff$317' with positive edge clock.
Creating register for signal `\DPR16X4C.$memwr$\ram$/usr/bin/../share/yosys/ecp5/cells_sim.v:287$175_EN' using process `\DPR16X4C.$proc$/usr/bin/../share/yosys/ecp5/cells_sim.v:285$176'.
  created $dff cell `$procdff$318' with positive edge clock.
Creating register for signal `\TRELLIS_DPR16X4.\i' using process `\TRELLIS_DPR16X4.$proc$/usr/bin/../share/yosys/ecp5/cells_sim.v:0$142'.
  created direct connection (no actual register cell created).
Creating register for signal `\TRELLIS_DPR16X4.$memwr$\mem$/usr/bin/../share/yosys/ecp5/cells_sim.v:207$100_EN' using process `\TRELLIS_DPR16X4.$proc$/usr/bin/../share/yosys/ecp5/cells_sim.v:0$142'.
  created direct connection (no actual register cell created).
Creating register for signal `\TRELLIS_DPR16X4.$memwr$\mem$/usr/bin/../share/yosys/ecp5/cells_sim.v:207$101_EN' using process `\TRELLIS_DPR16X4.$proc$/usr/bin/../share/yosys/ecp5/cells_sim.v:0$142'.
  created direct connection (no actual register cell created).
Creating register for signal `\TRELLIS_DPR16X4.$memwr$\mem$/usr/bin/../share/yosys/ecp5/cells_sim.v:207$102_EN' using process `\TRELLIS_DPR16X4.$proc$/usr/bin/../share/yosys/ecp5/cells_sim.v:0$142'.
  created direct connection (no actual register cell created).
Creating register for signal `\TRELLIS_DPR16X4.$memwr$\mem$/usr/bin/../share/yosys/ecp5/cells_sim.v:207$103_EN' using process `\TRELLIS_DPR16X4.$proc$/usr/bin/../share/yosys/ecp5/cells_sim.v:0$142'.
  created direct connection (no actual register cell created).
Creating register for signal `\TRELLIS_DPR16X4.$memwr$\mem$/usr/bin/../share/yosys/ecp5/cells_sim.v:207$104_EN' using process `\TRELLIS_DPR16X4.$proc$/usr/bin/../share/yosys/ecp5/cells_sim.v:0$142'.
  created direct connection (no actual register cell created).
Creating register for signal `\TRELLIS_DPR16X4.$memwr$\mem$/usr/bin/../share/yosys/ecp5/cells_sim.v:207$105_EN' using process `\TRELLIS_DPR16X4.$proc$/usr/bin/../share/yosys/ecp5/cells_sim.v:0$142'.
  created direct connection (no actual register cell created).
Creating register for signal `\TRELLIS_DPR16X4.$memwr$\mem$/usr/bin/../share/yosys/ecp5/cells_sim.v:207$106_EN' using process `\TRELLIS_DPR16X4.$proc$/usr/bin/../share/yosys/ecp5/cells_sim.v:0$142'.
  created direct connection (no actual register cell created).
Creating register for signal `\TRELLIS_DPR16X4.$memwr$\mem$/usr/bin/../share/yosys/ecp5/cells_sim.v:207$107_EN' using process `\TRELLIS_DPR16X4.$proc$/usr/bin/../share/yosys/ecp5/cells_sim.v:0$142'.
  created direct connection (no actual register cell created).
Creating register for signal `\TRELLIS_DPR16X4.$memwr$\mem$/usr/bin/../share/yosys/ecp5/cells_sim.v:207$108_EN' using process `\TRELLIS_DPR16X4.$proc$/usr/bin/../share/yosys/ecp5/cells_sim.v:0$142'.
  created direct connection (no actual register cell created).
Creating register for signal `\TRELLIS_DPR16X4.$memwr$\mem$/usr/bin/../share/yosys/ecp5/cells_sim.v:207$109_EN' using process `\TRELLIS_DPR16X4.$proc$/usr/bin/../share/yosys/ecp5/cells_sim.v:0$142'.
  created direct connection (no actual register cell created).
Creating register for signal `\TRELLIS_DPR16X4.$memwr$\mem$/usr/bin/../share/yosys/ecp5/cells_sim.v:207$110_EN' using process `\TRELLIS_DPR16X4.$proc$/usr/bin/../share/yosys/ecp5/cells_sim.v:0$142'.
  created direct connection (no actual register cell created).
Creating register for signal `\TRELLIS_DPR16X4.$memwr$\mem$/usr/bin/../share/yosys/ecp5/cells_sim.v:207$111_EN' using process `\TRELLIS_DPR16X4.$proc$/usr/bin/../share/yosys/ecp5/cells_sim.v:0$142'.
  created direct connection (no actual register cell created).
Creating register for signal `\TRELLIS_DPR16X4.$memwr$\mem$/usr/bin/../share/yosys/ecp5/cells_sim.v:207$112_EN' using process `\TRELLIS_DPR16X4.$proc$/usr/bin/../share/yosys/ecp5/cells_sim.v:0$142'.
  created direct connection (no actual register cell created).
Creating register for signal `\TRELLIS_DPR16X4.$memwr$\mem$/usr/bin/../share/yosys/ecp5/cells_sim.v:207$113_EN' using process `\TRELLIS_DPR16X4.$proc$/usr/bin/../share/yosys/ecp5/cells_sim.v:0$142'.
  created direct connection (no actual register cell created).
Creating register for signal `\TRELLIS_DPR16X4.$memwr$\mem$/usr/bin/../share/yosys/ecp5/cells_sim.v:207$114_EN' using process `\TRELLIS_DPR16X4.$proc$/usr/bin/../share/yosys/ecp5/cells_sim.v:0$142'.
  created direct connection (no actual register cell created).
Creating register for signal `\TRELLIS_DPR16X4.$memwr$\mem$/usr/bin/../share/yosys/ecp5/cells_sim.v:207$115_EN' using process `\TRELLIS_DPR16X4.$proc$/usr/bin/../share/yosys/ecp5/cells_sim.v:0$142'.
  created direct connection (no actual register cell created).
Creating register for signal `\TRELLIS_DPR16X4.$memwr$\mem$/usr/bin/../share/yosys/ecp5/cells_sim.v:223$116_ADDR' using process `\TRELLIS_DPR16X4.$proc$/usr/bin/../share/yosys/ecp5/cells_sim.v:221$118'.
  created $dff cell `$procdff$319' with positive edge clock.
Creating register for signal `\TRELLIS_DPR16X4.$memwr$\mem$/usr/bin/../share/yosys/ecp5/cells_sim.v:223$116_DATA' using process `\TRELLIS_DPR16X4.$proc$/usr/bin/../share/yosys/ecp5/cells_sim.v:221$118'.
  created $dff cell `$procdff$320' with positive edge clock.
Creating register for signal `\TRELLIS_DPR16X4.$memwr$\mem$/usr/bin/../share/yosys/ecp5/cells_sim.v:223$116_EN' using process `\TRELLIS_DPR16X4.$proc$/usr/bin/../share/yosys/ecp5/cells_sim.v:221$118'.
  created $dff cell `$procdff$321' with positive edge clock.
Creating register for signal `\TRELLIS_DPR16X4.\muxwre' using process `\TRELLIS_DPR16X4.$proc$/usr/bin/../share/yosys/ecp5/cells_sim.v:213$117'.
  created direct connection (no actual register cell created).
Creating register for signal `\fast_regular_synchronous_memory.\value' using process `\fast_regular_synchronous_memory.$proc$tmp.v:4$239'.
  created $dff cell `$procdff$322' with positive edge clock.
Creating register for signal `\top.\chall_fast_secmem_clk' using process `\top.$proc$tmp.v:69$231'.
  created $dff cell `$procdff$323' with positive edge clock.
Creating register for signal `\top.\clk_stepdown_counter' using process `\top.$proc$tmp.v:58$227'.
  created $dff cell `$procdff$324' with positive edge clock.
Creating register for signal `\top.\clk_stepdown' using process `\top.$proc$tmp.v:58$227'.
  created $dff cell `$procdff$325' with positive edge clock.
Creating register for signal `\top.\clk_ext_soldered' using process `\top.$proc$tmp.v:52$226'.
  created $dff cell `$procdff$326' with positive edge clock.

2.5.10. Executing PROC_MEMWR pass (convert process memory writes to cells).

2.5.11. Executing PROC_CLEAN pass (remove empty switches from decision trees).
Removing empty process `TRELLIS_FF.$proc$/usr/bin/../share/yosys/ecp5/cells_sim.v:0$225'.
Found and cleaned up 2 empty switches in `\TRELLIS_FF.$proc$/usr/bin/../share/yosys/ecp5/cells_sim.v:350$224'.
Removing empty process `TRELLIS_FF.$proc$/usr/bin/../share/yosys/ecp5/cells_sim.v:350$224'.
Removing empty process `DPR16X4C.$proc$/usr/bin/../share/yosys/ecp5/cells_sim.v:0$199'.
Found and cleaned up 1 empty switch in `\DPR16X4C.$proc$/usr/bin/../share/yosys/ecp5/cells_sim.v:285$176'.
Removing empty process `TRELLIS_DPR16X4.$proc$/usr/bin/../share/yosys/ecp5/cells_sim.v:0$142'.
Found and cleaned up 1 empty switch in `\TRELLIS_DPR16X4.$proc$/usr/bin/../share/yosys/ecp5/cells_sim.v:221$118'.
Removing empty process `TRELLIS_DPR16X4.$proc$/usr/bin/../share/yosys/ecp5/cells_sim.v:213$117'.
Removing empty process `fast_regular_synchronous_memory.$proc$tmp.v:4$239'.
Removing empty process `top.$proc$tmp.v:68$236'.
Removing empty process `top.$proc$tmp.v:56$235'.
Removing empty process `top.$proc$tmp.v:55$234'.
Removing empty process `top.$proc$tmp.v:51$233'.
Removing empty process `top.$proc$tmp.v:69$231'.
Found and cleaned up 1 empty switch in `\top.$proc$tmp.v:58$227'.
Removing empty process `top.$proc$tmp.v:58$227'.
Removing empty process `top.$proc$tmp.v:52$226'.
Cleaned up 5 empty switches.

2.5.12. Executing OPT_EXPR pass (perform const folding).
Optimizing module fast_regular_synchronous_memory.
<suppressed ~17 debug messages>
Optimizing module fast_secure_memory.
Optimizing module top.

2.6. Executing FLATTEN pass (flatten design).
Deleting now unused module fast_regular_synchronous_memory.
Deleting now unused module fast_secure_memory.
<suppressed ~2 debug messages>

2.7. Executing TRIBUF pass.

2.8. Executing DEMINOUT pass (demote inout ports to input or output).

2.9. Executing OPT_EXPR pass (perform const folding).
Optimizing module top.

2.10. Executing OPT_CLEAN pass (remove unused cells and wires).
Finding unused cells or wires in module \top..
Removed 8 unused cells and 35 unused wires.
<suppressed ~12 debug messages>

2.11. Executing CHECK pass (checking for obvious problems).
Checking module top...
Found and reported 0 problems.

2.12. Executing OPT pass (performing simple optimizations).

2.12.1. Executing OPT_EXPR pass (perform const folding).
Optimizing module top.

2.12.2. Executing OPT_MERGE pass (detect identical cells).
Finding identical cells in module `\top'.
<suppressed ~3 debug messages>
Removed a total of 1 cells.

2.12.3. Executing OPT_MUXTREE pass (detect dead branches in mux trees).
Running muxtree optimizer on module \top..
  Creating internal representation of mux trees.
  Evaluating internal representation of mux trees.
  Analyzing evaluation results.
Removed 0 multiplexer ports.
<suppressed ~2 debug messages>

2.12.4. Executing OPT_REDUCE pass (consolidate $*mux and $reduce_* inputs).
  Optimizing cells in module \top.
Performed a total of 0 changes.

2.12.5. Executing OPT_MERGE pass (detect identical cells).
Finding identical cells in module `\top'.
Removed a total of 0 cells.

2.12.6. Executing OPT_DFF pass (perform DFF optimizations).

2.12.7. Executing OPT_CLEAN pass (remove unused cells and wires).
Finding unused cells or wires in module \top..
Removed 0 unused cells and 1 unused wires.
<suppressed ~1 debug messages>

2.12.8. Executing OPT_EXPR pass (perform const folding).
Optimizing module top.

2.12.9. Rerunning OPT passes. (Maybe there is more to do..)

2.12.10. Executing OPT_MUXTREE pass (detect dead branches in mux trees).
Running muxtree optimizer on module \top..
  Creating internal representation of mux trees.
  Evaluating internal representation of mux trees.
  Analyzing evaluation results.
Removed 0 multiplexer ports.
<suppressed ~2 debug messages>

2.12.11. Executing OPT_REDUCE pass (consolidate $*mux and $reduce_* inputs).
  Optimizing cells in module \top.
Performed a total of 0 changes.

2.12.12. Executing OPT_MERGE pass (detect identical cells).
Finding identical cells in module `\top'.
Removed a total of 0 cells.

2.12.13. Executing OPT_DFF pass (perform DFF optimizations).

2.12.14. Executing OPT_CLEAN pass (remove unused cells and wires).
Finding unused cells or wires in module \top..

2.12.15. Executing OPT_EXPR pass (perform const folding).
Optimizing module top.

2.12.16. Finished OPT passes. (There is nothing left to do.)

2.13. Executing FSM pass (extract and optimize FSM).

2.13.1. Executing FSM_DETECT pass (finding FSMs in design).
Not marking top.chall_fast_secmem.mem.value as FSM state register:
    Users of register don't seem to benefit from recoding.

2.13.2. Executing FSM_EXTRACT pass (extracting FSM from design).

2.13.3. Executing FSM_OPT pass (simple optimizations of FSMs).

2.13.4. Executing OPT_CLEAN pass (remove unused cells and wires).
Finding unused cells or wires in module \top..

2.13.5. Executing FSM_OPT pass (simple optimizations of FSMs).

2.13.6. Executing FSM_RECODE pass (re-assigning FSM state encoding).

2.13.7. Executing FSM_INFO pass (dumping all available information on FSM cells).

2.13.8. Executing FSM_MAP pass (mapping FSMs to basic logic).

2.14. Executing OPT pass (performing simple optimizations).

2.14.1. Executing OPT_EXPR pass (perform const folding).
Optimizing module top.

2.14.2. Executing OPT_MERGE pass (detect identical cells).
Finding identical cells in module `\top'.
Removed a total of 0 cells.

2.14.3. Executing OPT_MUXTREE pass (detect dead branches in mux trees).
Running muxtree optimizer on module \top..
  Creating internal representation of mux trees.
  Evaluating internal representation of mux trees.
  Analyzing evaluation results.
Removed 0 multiplexer ports.
<suppressed ~2 debug messages>

2.14.4. Executing OPT_REDUCE pass (consolidate $*mux and $reduce_* inputs).
  Optimizing cells in module \top.
Performed a total of 0 changes.

2.14.5. Executing OPT_MERGE pass (detect identical cells).
Finding identical cells in module `\top'.
Removed a total of 0 cells.

2.14.6. Executing OPT_DFF pass (perform DFF optimizations).
Adding SRST signal on $flatten\chall_fast_secmem.\mem.$procdff$322 ($dff) from module top (D = { $flatten\chall_fast_secmem.\mem.$ternary$tmp.v:7$285_Y [4] $flatten\chall_fast_secmem.\mem.$ternary$tmp.v:7$285_Y [2] $flatten\chall_fast_secmem.\mem.$ternary$tmp.v:7$285_Y [0] }, Q = { \chall_fast_secmem.mem.value [4] \chall_fast_secmem.mem.value [2] \chall_fast_secmem.mem.value [0] }, rval = 3'011).
Adding SRST signal on $flatten\chall_fast_secmem.\mem.$procdff$322 ($dff) from module top (D = $flatten\chall_fast_secmem.\mem.$ternary$tmp.v:8$283_Y [1], Q = \chall_fast_secmem.mem.value [1], rval = 1'1).
Adding SRST signal on $flatten\chall_fast_secmem.\mem.$procdff$322 ($dff) from module top (D = $flatten\chall_fast_secmem.\mem.$ternary$tmp.v:9$281_Y [3], Q = \chall_fast_secmem.mem.value [3], rval = 1'0).
Adding SRST signal on $flatten\chall_fast_secmem.\mem.$procdff$322 ($dff) from module top (D = $flatten\chall_fast_secmem.\mem.$ternary$tmp.v:21$257_Y [7:5], Q = \chall_fast_secmem.mem.value [7:5], rval = 3'011).

2.14.7. Executing OPT_CLEAN pass (remove unused cells and wires).
Finding unused cells or wires in module \top..
Removed 1 unused cells and 2 unused wires.
<suppressed ~2 debug messages>

2.14.8. Executing OPT_EXPR pass (perform const folding).
Optimizing module top.

2.14.9. Rerunning OPT passes. (Maybe there is more to do..)

2.14.10. Executing OPT_MUXTREE pass (detect dead branches in mux trees).
Running muxtree optimizer on module \top..
  Creating internal representation of mux trees.
  Evaluating internal representation of mux trees.
  Analyzing evaluation results.
Removed 0 multiplexer ports.
<suppressed ~5 debug messages>

2.14.11. Executing OPT_REDUCE pass (consolidate $*mux and $reduce_* inputs).
  Optimizing cells in module \top.
Performed a total of 0 changes.

2.14.12. Executing OPT_MERGE pass (detect identical cells).
Finding identical cells in module `\top'.
Removed a total of 0 cells.

2.14.13. Executing OPT_DFF pass (perform DFF optimizations).

2.14.14. Executing OPT_CLEAN pass (remove unused cells and wires).
Finding unused cells or wires in module \top..

2.14.15. Executing OPT_EXPR pass (perform const folding).
Optimizing module top.

2.14.16. Finished OPT passes. (There is nothing left to do.)

2.15. Executing WREDUCE pass (reducing word size of cells).
Removed top 4 bits (of 5) from port B of cell top.$flatten\chall_fast_secmem.\mem.$eq$tmp.v:7$241 ($eq).
Removed top 3 bits (of 5) from port B of cell top.$flatten\chall_fast_secmem.\mem.$eq$tmp.v:8$242 ($eq).
Removed top 3 bits (of 5) from port B of cell top.$flatten\chall_fast_secmem.\mem.$eq$tmp.v:9$243 ($eq).
Removed top 2 bits (of 5) from port B of cell top.$flatten\chall_fast_secmem.\mem.$eq$tmp.v:10$244 ($eq).
Removed top 2 bits (of 5) from port B of cell top.$flatten\chall_fast_secmem.\mem.$eq$tmp.v:11$245 ($eq).
Removed top 2 bits (of 5) from port B of cell top.$flatten\chall_fast_secmem.\mem.$eq$tmp.v:12$246 ($eq).
Removed top 2 bits (of 5) from port B of cell top.$flatten\chall_fast_secmem.\mem.$eq$tmp.v:13$247 ($eq).
Removed top 1 bits (of 5) from port B of cell top.$flatten\chall_fast_secmem.\mem.$eq$tmp.v:14$248 ($eq).
Removed top 1 bits (of 5) from port B of cell top.$flatten\chall_fast_secmem.\mem.$eq$tmp.v:15$249 ($eq).
Removed top 1 bits (of 5) from port B of cell top.$flatten\chall_fast_secmem.\mem.$eq$tmp.v:16$250 ($eq).
Removed top 1 bits (of 5) from port B of cell top.$flatten\chall_fast_secmem.\mem.$eq$tmp.v:17$251 ($eq).
Removed top 1 bits (of 5) from port B of cell top.$flatten\chall_fast_secmem.\mem.$eq$tmp.v:18$252 ($eq).
Removed top 1 bits (of 5) from port B of cell top.$flatten\chall_fast_secmem.\mem.$eq$tmp.v:19$253 ($eq).
Removed top 1 bits (of 5) from port B of cell top.$flatten\chall_fast_secmem.\mem.$eq$tmp.v:20$254 ($eq).
Removed top 25 bits (of 32) from mux cell top.$flatten\chall_fast_secmem.\mem.$ternary$tmp.v:21$257 ($mux).
Removed top 25 bits (of 32) from mux cell top.$flatten\chall_fast_secmem.\mem.$ternary$tmp.v:20$259 ($mux).
Removed top 25 bits (of 32) from mux cell top.$flatten\chall_fast_secmem.\mem.$ternary$tmp.v:19$261 ($mux).
Removed top 27 bits (of 32) from mux cell top.$flatten\chall_fast_secmem.\mem.$ternary$tmp.v:7$285 ($mux).
Removed top 25 bits (of 32) from mux cell top.$flatten\chall_fast_secmem.\mem.$ternary$tmp.v:18$263 ($mux).
Removed top 25 bits (of 32) from mux cell top.$flatten\chall_fast_secmem.\mem.$ternary$tmp.v:17$265 ($mux).
Removed top 27 bits (of 32) from mux cell top.$flatten\chall_fast_secmem.\mem.$ternary$tmp.v:8$283 ($mux).
Removed top 25 bits (of 32) from mux cell top.$flatten\chall_fast_secmem.\mem.$ternary$tmp.v:16$267 ($mux).
Removed top 25 bits (of 32) from mux cell top.$flatten\chall_fast_secmem.\mem.$ternary$tmp.v:15$269 ($mux).
Removed top 27 bits (of 32) from mux cell top.$flatten\chall_fast_secmem.\mem.$ternary$tmp.v:9$281 ($mux).
Removed top 25 bits (of 32) from mux cell top.$flatten\chall_fast_secmem.\mem.$ternary$tmp.v:14$271 ($mux).
Removed top 1 bits (of 8) from mux cell top.$flatten\chall_fast_secmem.$ternary$tmp.v:35$238 ($mux).
Removed top 1 bits (of 3) from FF cell top.$auto$ff.cc:266:slice$336 ($sdff).
Removed top 27 bits (of 32) from mux cell top.$flatten\chall_fast_secmem.\mem.$ternary$tmp.v:10$279 ($mux).
Removed top 27 bits (of 32) from mux cell top.$flatten\chall_fast_secmem.\mem.$ternary$tmp.v:11$277 ($mux).
Removed top 27 bits (of 32) from mux cell top.$flatten\chall_fast_secmem.\mem.$ternary$tmp.v:12$275 ($mux).
Removed top 27 bits (of 32) from mux cell top.$flatten\chall_fast_secmem.\mem.$ternary$tmp.v:13$273 ($mux).
Removed top 2 bits (of 7) from mux cell top.$flatten\chall_fast_secmem.\mem.$ternary$tmp.v:14$271 ($mux).
Removed top 2 bits (of 7) from mux cell top.$flatten\chall_fast_secmem.\mem.$ternary$tmp.v:15$269 ($mux).
Removed top 2 bits (of 7) from mux cell top.$flatten\chall_fast_secmem.\mem.$ternary$tmp.v:16$267 ($mux).
Removed top 2 bits (of 7) from mux cell top.$flatten\chall_fast_secmem.\mem.$ternary$tmp.v:17$265 ($mux).
Removed top 2 bits (of 7) from mux cell top.$flatten\chall_fast_secmem.\mem.$ternary$tmp.v:18$263 ($mux).
Removed top 2 bits (of 7) from mux cell top.$flatten\chall_fast_secmem.\mem.$ternary$tmp.v:19$261 ($mux).
Removed top 2 bits (of 7) from mux cell top.$flatten\chall_fast_secmem.\mem.$ternary$tmp.v:20$259 ($mux).
Removed top 27 bits (of 32) from wire top.$flatten\chall_fast_secmem.\mem.$ternary$tmp.v:10$279_Y.
Removed top 30 bits (of 32) from wire top.$flatten\chall_fast_secmem.\mem.$ternary$tmp.v:11$277_Y.
Removed top 27 bits (of 32) from wire top.$flatten\chall_fast_secmem.\mem.$ternary$tmp.v:12$275_Y.
Removed top 27 bits (of 32) from wire top.$flatten\chall_fast_secmem.\mem.$ternary$tmp.v:13$273_Y.
Removed top 27 bits (of 32) from wire top.$flatten\chall_fast_secmem.\mem.$ternary$tmp.v:14$271_Y.
Removed top 27 bits (of 32) from wire top.$flatten\chall_fast_secmem.\mem.$ternary$tmp.v:15$269_Y.
Removed top 27 bits (of 32) from wire top.$flatten\chall_fast_secmem.\mem.$ternary$tmp.v:16$267_Y.
Removed top 27 bits (of 32) from wire top.$flatten\chall_fast_secmem.\mem.$ternary$tmp.v:17$265_Y.
Removed top 27 bits (of 32) from wire top.$flatten\chall_fast_secmem.\mem.$ternary$tmp.v:18$263_Y.
Removed top 27 bits (of 32) from wire top.$flatten\chall_fast_secmem.\mem.$ternary$tmp.v:19$261_Y.
Removed top 27 bits (of 32) from wire top.$flatten\chall_fast_secmem.\mem.$ternary$tmp.v:20$259_Y.
Removed top 25 bits (of 32) from wire top.$flatten\chall_fast_secmem.\mem.$ternary$tmp.v:21$257_Y.

2.16. Executing PEEPOPT pass (run peephole optimizers).

2.17. Executing OPT_CLEAN pass (remove unused cells and wires).
Finding unused cells or wires in module \top..
Removed 0 unused cells and 12 unused wires.
<suppressed ~1 debug messages>

2.18. Executing SHARE pass (SAT-based resource sharing).

2.19. Executing TECHMAP pass (map to technology primitives).

2.19.1. Executing Verilog-2005 frontend: /usr/bin/../share/yosys/cmp2lut.v
Parsing Verilog input from `/usr/bin/../share/yosys/cmp2lut.v' to AST representation.
Generating RTLIL representation for module `\_90_lut_cmp_'.
Successfully finished Verilog frontend.

2.19.2. Continuing TECHMAP pass.
No more expansions possible.
<suppressed ~6 debug messages>

2.20. Executing OPT_EXPR pass (perform const folding).
Optimizing module top.

2.21. Executing OPT_CLEAN pass (remove unused cells and wires).
Finding unused cells or wires in module \top..

2.22. Executing TECHMAP pass (map to technology primitives).

2.22.1. Executing Verilog-2005 frontend: /usr/bin/../share/yosys/mul2dsp.v
Parsing Verilog input from `/usr/bin/../share/yosys/mul2dsp.v' to AST representation.
Generating RTLIL representation for module `\_80_mul'.
Generating RTLIL representation for module `\_90_soft_mul'.
Successfully finished Verilog frontend.

2.22.2. Executing Verilog-2005 frontend: /usr/bin/../share/yosys/ecp5/dsp_map.v
Parsing Verilog input from `/usr/bin/../share/yosys/ecp5/dsp_map.v' to AST representation.
Generating RTLIL representation for module `\$__MUL18X18'.
Successfully finished Verilog frontend.

2.22.3. Continuing TECHMAP pass.
No more expansions possible.
<suppressed ~5 debug messages>

2.23. Executing ALUMACC pass (create $alu and $macc cells).
Extracting $alu and $macc cells in module top:
  created 0 $alu and 0 $macc cells.

2.24. Executing OPT pass (performing simple optimizations).

2.24.1. Executing OPT_EXPR pass (perform const folding).
Optimizing module top.

2.24.2. Executing OPT_MERGE pass (detect identical cells).
Finding identical cells in module `\top'.
Removed a total of 0 cells.

2.24.3. Executing OPT_MUXTREE pass (detect dead branches in mux trees).
Running muxtree optimizer on module \top..
  Creating internal representation of mux trees.
  Evaluating internal representation of mux trees.
  Analyzing evaluation results.
Removed 0 multiplexer ports.
<suppressed ~5 debug messages>

2.24.4. Executing OPT_REDUCE pass (consolidate $*mux and $reduce_* inputs).
  Optimizing cells in module \top.
Performed a total of 0 changes.

2.24.5. Executing OPT_MERGE pass (detect identical cells).
Finding identical cells in module `\top'.
Removed a total of 0 cells.

2.24.6. Executing OPT_DFF pass (perform DFF optimizations).

2.24.7. Executing OPT_CLEAN pass (remove unused cells and wires).
Finding unused cells or wires in module \top..

2.24.8. Executing OPT_EXPR pass (perform const folding).
Optimizing module top.

2.24.9. Finished OPT passes. (There is nothing left to do.)

2.25. Executing MEMORY pass.

2.25.1. Executing OPT_MEM pass (optimize memories).
Performed a total of 0 transformations.

2.25.2. Executing OPT_MEM_PRIORITY pass (removing unnecessary memory write priority relations).
Performed a total of 0 transformations.

2.25.3. Executing OPT_MEM_FEEDBACK pass (finding memory read-to-write feedback paths).

2.25.4. Executing MEMORY_BMUX2ROM pass (converting muxes to ROMs).

2.25.5. Executing MEMORY_DFF pass (merging $dff cells to $memrd).

2.25.6. Executing OPT_CLEAN pass (remove unused cells and wires).
Finding unused cells or wires in module \top..

2.25.7. Executing MEMORY_SHARE pass (consolidating $memrd/$memwr cells).

2.25.8. Executing OPT_MEM_WIDEN pass (optimize memories where all ports are wide).
Performed a total of 0 transformations.

2.25.9. Executing OPT_CLEAN pass (remove unused cells and wires).
Finding unused cells or wires in module \top..

2.25.10. Executing MEMORY_COLLECT pass (generating $mem cells).

2.26. Executing OPT_CLEAN pass (remove unused cells and wires).
Finding unused cells or wires in module \top..

2.27. Executing MEMORY_LIBMAP pass (mapping memories to cells).

2.28. Executing TECHMAP pass (map to technology primitives).

2.28.1. Executing Verilog-2005 frontend: /usr/bin/../share/yosys/ecp5/lutrams_map.v
Parsing Verilog input from `/usr/bin/../share/yosys/ecp5/lutrams_map.v' to AST representation.
Generating RTLIL representation for module `\$__TRELLIS_DPR16X4_'.
Successfully finished Verilog frontend.

2.28.2. Executing Verilog-2005 frontend: /usr/bin/../share/yosys/ecp5/brams_map.v
Parsing Verilog input from `/usr/bin/../share/yosys/ecp5/brams_map.v' to AST representation.
Generating RTLIL representation for module `\$__ECP5_DP16KD_'.
Generating RTLIL representation for module `\$__ECP5_PDPW16KD_'.
Successfully finished Verilog frontend.

2.28.3. Continuing TECHMAP pass.
No more expansions possible.
<suppressed ~5 debug messages>

2.29. Executing OPT pass (performing simple optimizations).

2.29.1. Executing OPT_EXPR pass (perform const folding).
Optimizing module top.

2.29.2. Executing OPT_MERGE pass (detect identical cells).
Finding identical cells in module `\top'.
Removed a total of 0 cells.

2.29.3. Executing OPT_DFF pass (perform DFF optimizations).

2.29.4. Executing OPT_CLEAN pass (remove unused cells and wires).
Finding unused cells or wires in module \top..

2.29.5. Finished fast OPT passes.

2.30. Executing MEMORY_MAP pass (converting memories to logic and flip-flops).

2.31. Executing OPT pass (performing simple optimizations).

2.31.1. Executing OPT_EXPR pass (perform const folding).
Optimizing module top.

2.31.2. Executing OPT_MERGE pass (detect identical cells).
Finding identical cells in module `\top'.
Removed a total of 0 cells.

2.31.3. Executing OPT_MUXTREE pass (detect dead branches in mux trees).
Running muxtree optimizer on module \top..
  Creating internal representation of mux trees.
  Evaluating internal representation of mux trees.
  Analyzing evaluation results.
Removed 0 multiplexer ports.
<suppressed ~5 debug messages>

2.31.4. Executing OPT_REDUCE pass (consolidate $*mux and $reduce_* inputs).
  Optimizing cells in module \top.
    Consolidated identical input bits for $mux cell $flatten\chall_fast_secmem.\mem.$ternary$tmp.v:21$257:
      Old ports: A=7'0000000, B=7'1001100, Y=$auto$wreduce.cc:514:run$350 [6:0]
      New ports: A=1'0, B=1'1, Y=$auto$wreduce.cc:514:run$350 [2]
      New connections: { $auto$wreduce.cc:514:run$350 [6:3] $auto$wreduce.cc:514:run$350 [1:0] } = { $auto$wreduce.cc:514:run$350 [2] 2'00 $auto$wreduce.cc:514:run$350 [2] 2'00 }
  Optimizing cells in module \top.
    Consolidated identical input bits for $mux cell $flatten\chall_fast_secmem.\mem.$ternary$tmp.v:20$259:
      Old ports: A=$auto$wreduce.cc:514:run$350 [4:0], B=5'11101, Y=$auto$wreduce.cc:514:run$349 [4:0]
      New ports: A={ $auto$wreduce.cc:514:run$350 [2] 1'0 }, B=2'11, Y={ $auto$wreduce.cc:514:run$349 [2] $auto$wreduce.cc:514:run$349 [0] }
      New connections: { $auto$wreduce.cc:514:run$349 [4:3] $auto$wreduce.cc:514:run$349 [1] } = { $auto$wreduce.cc:514:run$349 [0] $auto$wreduce.cc:514:run$349 [2] 1'0 }
  Optimizing cells in module \top.
    Consolidated identical input bits for $mux cell $flatten\chall_fast_secmem.\mem.$ternary$tmp.v:19$261:
      Old ports: A=$auto$wreduce.cc:514:run$349 [4:0], B=5'01110, Y=$auto$wreduce.cc:514:run$348 [4:0]
      New ports: A={ $auto$wreduce.cc:514:run$349 [2] 1'0 $auto$wreduce.cc:514:run$349 [0] }, B=3'110, Y=$auto$wreduce.cc:514:run$348 [2:0]
      New connections: $auto$wreduce.cc:514:run$348 [4:3] = { $auto$wreduce.cc:514:run$348 [0] $auto$wreduce.cc:514:run$348 [2] }
  Optimizing cells in module \top.
Performed a total of 3 changes.

2.31.5. Executing OPT_MERGE pass (detect identical cells).
Finding identical cells in module `\top'.
Removed a total of 0 cells.

2.31.6. Executing OPT_DFF pass (perform DFF optimizations).

2.31.7. Executing OPT_CLEAN pass (remove unused cells and wires).
Finding unused cells or wires in module \top..

2.31.8. Executing OPT_EXPR pass (perform const folding).
Optimizing module top.

2.31.9. Rerunning OPT passes. (Maybe there is more to do..)

2.31.10. Executing OPT_MUXTREE pass (detect dead branches in mux trees).
Running muxtree optimizer on module \top..
  Creating internal representation of mux trees.
  Evaluating internal representation of mux trees.
  Analyzing evaluation results.
Removed 0 multiplexer ports.
<suppressed ~5 debug messages>

2.31.11. Executing OPT_REDUCE pass (consolidate $*mux and $reduce_* inputs).
  Optimizing cells in module \top.
Performed a total of 0 changes.

2.31.12. Executing OPT_MERGE pass (detect identical cells).
Finding identical cells in module `\top'.
Removed a total of 0 cells.

2.31.13. Executing OPT_DFF pass (perform DFF optimizations).

2.31.14. Executing OPT_CLEAN pass (remove unused cells and wires).
Finding unused cells or wires in module \top..

2.31.15. Executing OPT_EXPR pass (perform const folding).
Optimizing module top.

2.31.16. Finished OPT passes. (There is nothing left to do.)

2.32. Executing TECHMAP pass (map to technology primitives).

2.32.1. Executing Verilog-2005 frontend: /usr/bin/../share/yosys/techmap.v
Parsing Verilog input from `/usr/bin/../share/yosys/techmap.v' to AST representation.
Generating RTLIL representation for module `\_90_simplemap_bool_ops'.
Generating RTLIL representation for module `\_90_simplemap_reduce_ops'.
Generating RTLIL representation for module `\_90_simplemap_logic_ops'.
Generating RTLIL representation for module `\_90_simplemap_compare_ops'.
Generating RTLIL representation for module `\_90_simplemap_various'.
Generating RTLIL representation for module `\_90_simplemap_registers'.
Generating RTLIL representation for module `\_90_shift_ops_shr_shl_sshl_sshr'.
Generating RTLIL representation for module `\_90_shift_shiftx'.
Generating RTLIL representation for module `\_90_fa'.
Generating RTLIL representation for module `\_90_lcu_brent_kung'.
Generating RTLIL representation for module `\_90_alu'.
Generating RTLIL representation for module `\_90_macc'.
Generating RTLIL representation for module `\_90_alumacc'.
Generating RTLIL representation for module `\$__div_mod_u'.
Generating RTLIL representation for module `\$__div_mod_trunc'.
Generating RTLIL representation for module `\_90_div'.
Generating RTLIL representation for module `\_90_mod'.
Generating RTLIL representation for module `\$__div_mod_floor'.
Generating RTLIL representation for module `\_90_divfloor'.
Generating RTLIL representation for module `\_90_modfloor'.
Generating RTLIL representation for module `\_90_pow'.
Generating RTLIL representation for module `\_90_pmux'.
Generating RTLIL representation for module `\_90_demux'.
Generating RTLIL representation for module `\_90_lut'.
Successfully finished Verilog frontend.

2.32.2. Executing Verilog-2005 frontend: /usr/bin/../share/yosys/ecp5/arith_map.v
Parsing Verilog input from `/usr/bin/../share/yosys/ecp5/arith_map.v' to AST representation.
Generating RTLIL representation for module `\_80_ecp5_alu'.
Successfully finished Verilog frontend.

2.32.3. Continuing TECHMAP pass.
Using extmapper simplemap for cells of type $not.
Using extmapper simplemap for cells of type $dff.
Using extmapper simplemap for cells of type $sdff.
Using extmapper simplemap for cells of type $reduce_or.
Using extmapper simplemap for cells of type $eq.
Using extmapper simplemap for cells of type $mux.
Using extmapper simplemap for cells of type $logic_not.
No more expansions possible.
<suppressed ~116 debug messages>

2.33. Executing OPT pass (performing simple optimizations).

2.33.1. Executing OPT_EXPR pass (perform const folding).
Optimizing module top.
<suppressed ~151 debug messages>

2.33.2. Executing OPT_MERGE pass (detect identical cells).
Finding identical cells in module `\top'.
<suppressed ~171 debug messages>
Removed a total of 57 cells.

2.33.3. Executing OPT_DFF pass (perform DFF optimizations).

2.33.4. Executing OPT_CLEAN pass (remove unused cells and wires).
Finding unused cells or wires in module \top..
Removed 3 unused cells and 75 unused wires.
<suppressed ~4 debug messages>

2.33.5. Finished fast OPT passes.

2.34. Executing OPT_CLEAN pass (remove unused cells and wires).
Finding unused cells or wires in module \top..

2.35. Executing DFFLEGALIZE pass (convert FFs to types supported by the target).

2.36. Executing TECHMAP pass (map to technology primitives).

2.36.1. Executing Verilog-2005 frontend: /usr/bin/../share/yosys/ecp5/cells_map.v
Parsing Verilog input from `/usr/bin/../share/yosys/ecp5/cells_map.v' to AST representation.
Generating RTLIL representation for module `\$_DFF_N_'.
Generating RTLIL representation for module `\$_DFF_P_'.
Generating RTLIL representation for module `\$_DFFE_NN_'.
Generating RTLIL representation for module `\$_DFFE_PN_'.
Generating RTLIL representation for module `\$_DFFE_NP_'.
Generating RTLIL representation for module `\$_DFFE_PP_'.
Generating RTLIL representation for module `\$_DFF_NP0_'.
Generating RTLIL representation for module `\$_DFF_NP1_'.
Generating RTLIL representation for module `\$_DFF_PP0_'.
Generating RTLIL representation for module `\$_DFF_PP1_'.
Generating RTLIL representation for module `\$_SDFF_NP0_'.
Generating RTLIL representation for module `\$_SDFF_NP1_'.
Generating RTLIL representation for module `\$_SDFF_PP0_'.
Generating RTLIL representation for module `\$_SDFF_PP1_'.
Generating RTLIL representation for module `\$_DFFE_NP0P_'.
Generating RTLIL representation for module `\$_DFFE_NP1P_'.
Generating RTLIL representation for module `\$_DFFE_PP0P_'.
Generating RTLIL representation for module `\$_DFFE_PP1P_'.
Generating RTLIL representation for module `\$_DFFE_NP0N_'.
Generating RTLIL representation for module `\$_DFFE_NP1N_'.
Generating RTLIL representation for module `\$_DFFE_PP0N_'.
Generating RTLIL representation for module `\$_DFFE_PP1N_'.
Generating RTLIL representation for module `\$_SDFFE_NP0P_'.
Generating RTLIL representation for module `\$_SDFFE_NP1P_'.
Generating RTLIL representation for module `\$_SDFFE_PP0P_'.
Generating RTLIL representation for module `\$_SDFFE_PP1P_'.
Generating RTLIL representation for module `\$_SDFFE_NP0N_'.
Generating RTLIL representation for module `\$_SDFFE_NP1N_'.
Generating RTLIL representation for module `\$_SDFFE_PP0N_'.
Generating RTLIL representation for module `\$_SDFFE_PP1N_'.
Generating RTLIL representation for module `\$_ALDFF_NP_'.
Generating RTLIL representation for module `\$_ALDFF_PP_'.
Generating RTLIL representation for module `\$_ALDFFE_NPN_'.
Generating RTLIL representation for module `\$_ALDFFE_NPP_'.
Generating RTLIL representation for module `\$_ALDFFE_PPN_'.
Generating RTLIL representation for module `\$_ALDFFE_PPP_'.
Generating RTLIL representation for module `\FD1P3AX'.
Generating RTLIL representation for module `\FD1P3AY'.
Generating RTLIL representation for module `\FD1P3BX'.
Generating RTLIL representation for module `\FD1P3DX'.
Generating RTLIL representation for module `\FD1P3IX'.
Generating RTLIL representation for module `\FD1P3JX'.
Generating RTLIL representation for module `\FD1S3AX'.
Generating RTLIL representation for module `\FD1S3AY'.
Generating RTLIL representation for module `\FD1S3BX'.
Generating RTLIL representation for module `\FD1S3DX'.
Generating RTLIL representation for module `\FD1S3IX'.
Generating RTLIL representation for module `\FD1S3JX'.
Generating RTLIL representation for module `\IFS1P3BX'.
Generating RTLIL representation for module `\IFS1P3DX'.
Generating RTLIL representation for module `\IFS1P3IX'.
Generating RTLIL representation for module `\IFS1P3JX'.
Generating RTLIL representation for module `\OFS1P3BX'.
Generating RTLIL representation for module `\OFS1P3DX'.
Generating RTLIL representation for module `\OFS1P3IX'.
Generating RTLIL representation for module `\OFS1P3JX'.
Generating RTLIL representation for module `\IB'.
Generating RTLIL representation for module `\IBPU'.
Generating RTLIL representation for module `\IBPD'.
Generating RTLIL representation for module `\OB'.
Generating RTLIL representation for module `\OBZ'.
Generating RTLIL representation for module `\OBZPU'.
Generating RTLIL representation for module `\OBZPD'.
Generating RTLIL representation for module `\OBCO'.
Generating RTLIL representation for module `\BB'.
Generating RTLIL representation for module `\BBPU'.
Generating RTLIL representation for module `\BBPD'.
Generating RTLIL representation for module `\ILVDS'.
Generating RTLIL representation for module `\OLVDS'.
Successfully finished Verilog frontend.

2.36.2. Continuing TECHMAP pass.
Using template $paramod\$_DFF_P_\_TECHMAP_WIREINIT_Q_=1'0 for cells of type $_DFF_P_.
Using template \$_SDFF_PP1_ for cells of type $_SDFF_PP1_.
Using template \$_SDFF_PP0_ for cells of type $_SDFF_PP0_.
No more expansions possible.
<suppressed ~90 debug messages>

2.37. Executing OPT_EXPR pass (perform const folding).
Optimizing module top.

2.38. Executing SIMPLEMAP pass (map simple cells to gate primitives).

2.39. Executing LATTICE_GSR pass (implement FF init values).
Handling GSR in top.

2.40. Executing ATTRMVCP pass (move or copy attributes).

2.41. Executing OPT_CLEAN pass (remove unused cells and wires).
Finding unused cells or wires in module \top..
Removed 0 unused cells and 39 unused wires.
<suppressed ~1 debug messages>

2.42. Executing TECHMAP pass (map to technology primitives).

2.42.1. Executing Verilog-2005 frontend: /usr/bin/../share/yosys/ecp5/latches_map.v
Parsing Verilog input from `/usr/bin/../share/yosys/ecp5/latches_map.v' to AST representation.
Generating RTLIL representation for module `\$_DLATCH_N_'.
Generating RTLIL representation for module `\$_DLATCH_P_'.
Successfully finished Verilog frontend.

2.42.2. Continuing TECHMAP pass.
No more expansions possible.
<suppressed ~4 debug messages>

2.43. Executing ABC9 pass.

2.43.1. Executing ABC9_OPS pass (helper functions for ABC9).

2.43.2. Executing ABC9_OPS pass (helper functions for ABC9).

2.43.3. Executing SCC pass (detecting logic loops).
Found 0 SCCs in module top.
Found 0 SCCs.

2.43.4. Executing ABC9_OPS pass (helper functions for ABC9).

2.43.5. Executing PROC pass (convert processes to netlists).

2.43.5.1. Executing PROC_CLEAN pass (remove empty switches from decision trees).
Cleaned up 0 empty switches.

2.43.5.2. Executing PROC_RMDEAD pass (remove dead branches from decision trees).
Removed a total of 0 dead cases.

2.43.5.3. Executing PROC_PRUNE pass (remove redundant assignments in processes).
Removed 0 redundant assignments.
Promoted 0 assignments to connections.

2.43.5.4. Executing PROC_INIT pass (extract init attributes).

2.43.5.5. Executing PROC_ARST pass (detect async resets in processes).

2.43.5.6. Executing PROC_ROM pass (convert switches to ROMs).
Converted 0 switches.

2.43.5.7. Executing PROC_MUX pass (convert decision trees to multiplexers).

2.43.5.8. Executing PROC_DLATCH pass (convert process syncs to latches).

2.43.5.9. Executing PROC_DFF pass (convert process syncs to FFs).

2.43.5.10. Executing PROC_MEMWR pass (convert process memory writes to cells).

2.43.5.11. Executing PROC_CLEAN pass (remove empty switches from decision trees).
Cleaned up 0 empty switches.

2.43.5.12. Executing OPT_EXPR pass (perform const folding).

2.43.6. Executing TECHMAP pass (map to technology primitives).

2.43.6.1. Executing Verilog-2005 frontend: /usr/bin/../share/yosys/techmap.v
Parsing Verilog input from `/usr/bin/../share/yosys/techmap.v' to AST representation.
Generating RTLIL representation for module `\_90_simplemap_bool_ops'.
Generating RTLIL representation for module `\_90_simplemap_reduce_ops'.
Generating RTLIL representation for module `\_90_simplemap_logic_ops'.
Generating RTLIL representation for module `\_90_simplemap_compare_ops'.
Generating RTLIL representation for module `\_90_simplemap_various'.
Generating RTLIL representation for module `\_90_simplemap_registers'.
Generating RTLIL representation for module `\_90_shift_ops_shr_shl_sshl_sshr'.
Generating RTLIL representation for module `\_90_shift_shiftx'.
Generating RTLIL representation for module `\_90_fa'.
Generating RTLIL representation for module `\_90_lcu_brent_kung'.
Generating RTLIL representation for module `\_90_alu'.
Generating RTLIL representation for module `\_90_macc'.
Generating RTLIL representation for module `\_90_alumacc'.
Generating RTLIL representation for module `\$__div_mod_u'.
Generating RTLIL representation for module `\$__div_mod_trunc'.
Generating RTLIL representation for module `\_90_div'.
Generating RTLIL representation for module `\_90_mod'.
Generating RTLIL representation for module `\$__div_mod_floor'.
Generating RTLIL representation for module `\_90_divfloor'.
Generating RTLIL representation for module `\_90_modfloor'.
Generating RTLIL representation for module `\_90_pow'.
Generating RTLIL representation for module `\_90_pmux'.
Generating RTLIL representation for module `\_90_demux'.
Generating RTLIL representation for module `\_90_lut'.
Successfully finished Verilog frontend.

2.43.6.2. Continuing TECHMAP pass.
No more expansions possible.
<suppressed ~161 debug messages>

2.43.7. Executing OPT pass (performing simple optimizations).

2.43.7.1. Executing OPT_EXPR pass (perform const folding).

2.43.7.2. Executing OPT_MERGE pass (detect identical cells).
Removed a total of 0 cells.

2.43.7.3. Executing OPT_MUXTREE pass (detect dead branches in mux trees).
Removed 0 multiplexer ports.

2.43.7.4. Executing OPT_REDUCE pass (consolidate $*mux and $reduce_* inputs).
Performed a total of 0 changes.

2.43.7.5. Executing OPT_MERGE pass (detect identical cells).
Removed a total of 0 cells.

2.43.7.6. Executing OPT_DFF pass (perform DFF optimizations).

2.43.7.7. Executing OPT_CLEAN pass (remove unused cells and wires).

2.43.7.8. Executing OPT_EXPR pass (perform const folding).

2.43.7.9. Finished OPT passes. (There is nothing left to do.)

2.43.8. Executing TECHMAP pass (map to technology primitives).

2.43.8.1. Executing Verilog-2005 frontend: /usr/bin/../share/yosys/abc9_map.v
Parsing Verilog input from `/usr/bin/../share/yosys/abc9_map.v' to AST representation.
Successfully finished Verilog frontend.

2.43.8.2. Continuing TECHMAP pass.
No more expansions possible.
<suppressed ~2 debug messages>

2.43.9. Executing Verilog-2005 frontend: /usr/bin/../share/yosys/abc9_model.v
Parsing Verilog input from `/usr/bin/../share/yosys/abc9_model.v' to AST representation.
Generating RTLIL representation for module `$__ABC9_DELAY'.
Generating RTLIL representation for module `$__ABC9_SCC_BREAKER'.
Generating RTLIL representation for module `$__DFF_N__$abc9_flop'.
Generating RTLIL representation for module `$__DFF_P__$abc9_flop'.
Successfully finished Verilog frontend.

2.43.10. Executing ABC9_OPS pass (helper functions for ABC9).

2.43.11. Executing ABC9_OPS pass (helper functions for ABC9).

2.43.12. Executing ABC9_OPS pass (helper functions for ABC9).
<suppressed ~2 debug messages>

2.43.13. Executing AIGMAP pass (map logic to AIG).
Module top: replaced 122 cells with 689 new cells, skipped 36 cells.
  replaced 2 cell types:
      55 $_OR_
      67 $_MUX_
  not replaced 4 cell types:
       2 $scopeinfo
      25 $_NOT_
       8 TRELLIS_FF
       1 OSCG

2.43.13.1. Executing ABC9_OPS pass (helper functions for ABC9).

2.43.13.2. Executing ABC9_OPS pass (helper functions for ABC9).

2.43.13.3. Executing XAIGER backend.
<suppressed ~5 debug messages>
Extracted 256 AND gates and 754 wires from module `top' to a netlist network with 20 inputs and 31 outputs.

2.43.13.4. Executing ABC9_EXE pass (technology mapping using ABC9).

2.43.13.5. Executing ABC9.
Running ABC command: "<yosys-exe-dir>/yosys-abc" -s -f <abc-temp-dir>/abc.script 2>&1
ABC: ABC command line: "source <abc-temp-dir>/abc.script".
ABC: 
ABC: + read_lut <abc-temp-dir>/input.lut 
ABC: + read_box <abc-temp-dir>/input.box 
ABC: + &read <abc-temp-dir>/input.xaig 
ABC: + &ps 
ABC: <abc-temp-dir>/input : i/o =     20/     31  and =     155  lev =   24 (5.52)  mem = 0.00 MB  box = 0  bb = 0
ABC: + &scorr 
ABC: Warning: The network is combinational.
ABC: + &sweep 
ABC: + &dc2 
ABC: + &dch -f 
ABC: + &ps 
ABC: <abc-temp-dir>/input : i/o =     20/     31  and =      89  lev =    6 (2.52)  mem = 0.00 MB  ch =   13  box = 0  bb = 0
ABC: cst =       0  cls =     11  lit =      13  unused =      85  proof =     0
ABC: + &if -W 300 -v 
ABC: K = 7. Memory (bytes): Truth =    0. Cut =   64. Obj =  148. Set =  672. CutMin = no
ABC: Node =      89.  Ch =    11.  Total mem =    0.02 MB. Peak cut mem =    0.01 MB.
ABC: P:  Del =  918.00.  Ar =      47.0.  Edge =       91.  Cut =     2273.  T =     0.00 sec
ABC: P:  Del =  918.00.  Ar =      47.0.  Edge =       91.  Cut =     2275.  T =     0.00 sec
ABC: P:  Del =  918.00.  Ar =      47.0.  Edge =       91.  Cut =     2431.  T =     0.00 sec
ABC: F:  Del =  918.00.  Ar =      47.0.  Edge =       91.  Cut =     2346.  T =     0.00 sec
ABC: A:  Del =  918.00.  Ar =      47.0.  Edge =       91.  Cut =     2336.  T =     0.00 sec
ABC: A:  Del =  918.00.  Ar =      47.0.  Edge =       91.  Cut =     2336.  T =     0.00 sec
ABC: Total time =     0.00 sec
ABC: + &write -n <abc-temp-dir>/output.aig 
ABC: + &mfs 
ABC: The network is not changed by "&mfs".
ABC: + &ps -l 
ABC: <abc-temp-dir>/input : i/o =     20/     31  and =     158  lev =    6 (2.52)  mem = 0.00 MB  box = 0  bb = 0
ABC: Mapping (K=6)  :  lut =     17  edge =      91  lev =    1 (0.61)  mem = 0.00 MB
ABC: LUT = 17 : 2=0 0.0 %  3=0 0.0 %  4=1 5.9 %  5=9 52.9 %  6=7 41.2 %  Ave = 5.35
ABC: + &write -n <abc-temp-dir>/output.aig 
ABC: + time 
ABC: elapse: 0.02 seconds, total: 0.02 seconds

2.43.13.6. Executing AIGER frontend.
<suppressed ~110 debug messages>
Removed 183 unused cells and 230 unused wires.

2.43.13.7. Executing ABC9_OPS pass (helper functions for ABC9).
ABC RESULTS:              $lut cells:       18
ABC RESULTS:           input signals:        5
ABC RESULTS:          output signals:       15
Removing temp directory.

2.43.14. Executing TECHMAP pass (map to technology primitives).

2.43.14.1. Executing Verilog-2005 frontend: /usr/bin/../share/yosys/abc9_unmap.v
Parsing Verilog input from `/usr/bin/../share/yosys/abc9_unmap.v' to AST representation.
Generating RTLIL representation for module `\$__DFF_x__$abc9_flop'.
Generating RTLIL representation for module `\$__ABC9_SCC_BREAKER'.
Successfully finished Verilog frontend.

2.43.14.2. Continuing TECHMAP pass.
No more expansions possible.
<suppressed ~5 debug messages>
Removed 11 unused cells and 826 unused wires.

2.44. Executing TECHMAP pass (map to technology primitives).

2.44.1. Executing Verilog-2005 frontend: /usr/bin/../share/yosys/ecp5/cells_map.v
Parsing Verilog input from `/usr/bin/../share/yosys/ecp5/cells_map.v' to AST representation.
Generating RTLIL representation for module `\$_DFF_N_'.
Generating RTLIL representation for module `\$_DFF_P_'.
Generating RTLIL representation for module `\$_DFFE_NN_'.
Generating RTLIL representation for module `\$_DFFE_PN_'.
Generating RTLIL representation for module `\$_DFFE_NP_'.
Generating RTLIL representation for module `\$_DFFE_PP_'.
Generating RTLIL representation for module `\$_DFF_NP0_'.
Generating RTLIL representation for module `\$_DFF_NP1_'.
Generating RTLIL representation for module `\$_DFF_PP0_'.
Generating RTLIL representation for module `\$_DFF_PP1_'.
Generating RTLIL representation for module `\$_SDFF_NP0_'.
Generating RTLIL representation for module `\$_SDFF_NP1_'.
Generating RTLIL representation for module `\$_SDFF_PP0_'.
Generating RTLIL representation for module `\$_SDFF_PP1_'.
Generating RTLIL representation for module `\$_DFFE_NP0P_'.
Generating RTLIL representation for module `\$_DFFE_NP1P_'.
Generating RTLIL representation for module `\$_DFFE_PP0P_'.
Generating RTLIL representation for module `\$_DFFE_PP1P_'.
Generating RTLIL representation for module `\$_DFFE_NP0N_'.
Generating RTLIL representation for module `\$_DFFE_NP1N_'.
Generating RTLIL representation for module `\$_DFFE_PP0N_'.
Generating RTLIL representation for module `\$_DFFE_PP1N_'.
Generating RTLIL representation for module `\$_SDFFE_NP0P_'.
Generating RTLIL representation for module `\$_SDFFE_NP1P_'.
Generating RTLIL representation for module `\$_SDFFE_PP0P_'.
Generating RTLIL representation for module `\$_SDFFE_PP1P_'.
Generating RTLIL representation for module `\$_SDFFE_NP0N_'.
Generating RTLIL representation for module `\$_SDFFE_NP1N_'.
Generating RTLIL representation for module `\$_SDFFE_PP0N_'.
Generating RTLIL representation for module `\$_SDFFE_PP1N_'.
Generating RTLIL representation for module `\$_ALDFF_NP_'.
Generating RTLIL representation for module `\$_ALDFF_PP_'.
Generating RTLIL representation for module `\$_ALDFFE_NPN_'.
Generating RTLIL representation for module `\$_ALDFFE_NPP_'.
Generating RTLIL representation for module `\$_ALDFFE_PPN_'.
Generating RTLIL representation for module `\$_ALDFFE_PPP_'.
Generating RTLIL representation for module `\FD1P3AX'.
Generating RTLIL representation for module `\FD1P3AY'.
Generating RTLIL representation for module `\FD1P3BX'.
Generating RTLIL representation for module `\FD1P3DX'.
Generating RTLIL representation for module `\FD1P3IX'.
Generating RTLIL representation for module `\FD1P3JX'.
Generating RTLIL representation for module `\FD1S3AX'.
Generating RTLIL representation for module `\FD1S3AY'.
Generating RTLIL representation for module `\FD1S3BX'.
Generating RTLIL representation for module `\FD1S3DX'.
Generating RTLIL representation for module `\FD1S3IX'.
Generating RTLIL representation for module `\FD1S3JX'.
Generating RTLIL representation for module `\IFS1P3BX'.
Generating RTLIL representation for module `\IFS1P3DX'.
Generating RTLIL representation for module `\IFS1P3IX'.
Generating RTLIL representation for module `\IFS1P3JX'.
Generating RTLIL representation for module `\OFS1P3BX'.
Generating RTLIL representation for module `\OFS1P3DX'.
Generating RTLIL representation for module `\OFS1P3IX'.
Generating RTLIL representation for module `\OFS1P3JX'.
Generating RTLIL representation for module `\IB'.
Generating RTLIL representation for module `\IBPU'.
Generating RTLIL representation for module `\IBPD'.
Generating RTLIL representation for module `\OB'.
Generating RTLIL representation for module `\OBZ'.
Generating RTLIL representation for module `\OBZPU'.
Generating RTLIL representation for module `\OBZPD'.
Generating RTLIL representation for module `\OBCO'.
Generating RTLIL representation for module `\BB'.
Generating RTLIL representation for module `\BBPU'.
Generating RTLIL representation for module `\BBPD'.
Generating RTLIL representation for module `\ILVDS'.
Generating RTLIL representation for module `\OLVDS'.
Generating RTLIL representation for module `\$lut'.
Successfully finished Verilog frontend.

2.44.2. Continuing TECHMAP pass.
Using template $paramod$33e58adf67c6b686a154c9ce8ebbc4b04b8cabc5\$lut for cells of type $lut.
Using template $paramod$658b9ed803f0d3d335616d3858b53e0a2522f1e8\$lut for cells of type $lut.
Using template $paramod$7b421a07fe11986b49c2fa86ef7c4125a288e074\$lut for cells of type $lut.
Using template $paramod$784f4711405f84982df518be1f8d295ab4d5b427\$lut for cells of type $lut.
Using template $paramod$7bb6a37e65823eeb4b38c370fec30ab082759a14\$lut for cells of type $lut.
Using template $paramod$251994398653c4cf8de320f1e306e535d5d2d624\$lut for cells of type $lut.
Using template $paramod$bd2b3497ae8487682d626bb1335e4eee4ed04d5c\$lut for cells of type $lut.
Using template $paramod\$lut\WIDTH=32'00000000000000000000000000000001\LUT=2'01 for cells of type $lut.
Using template $paramod$ab0f55967f2f2b9f5250c86f84aecb855c792de1\$lut for cells of type $lut.
Using template $paramod$fd73956ea8db6939896ff9027210b8a9eab4f43b\$lut for cells of type $lut.
Using template $paramod$ffea9cbacf62adc617642b20954ab11514d2dc4f\$lut for cells of type $lut.
Using template $paramod$ad1a68938bd6823045ead7b04cf8b2f561bfa387\$lut for cells of type $lut.
Using template $paramod$262ab92f762f9847ac9be5e2d4121236ade5c2f1\$lut for cells of type $lut.
No more expansions possible.
<suppressed ~259 debug messages>

2.45. Executing OPT_LUT_INS pass (discard unused LUT inputs).
Optimizing LUTs in top.
  Optimizing lut $auto$abc9_ops.cc:1549:reintegrate$2534.genblk1.genblk1.genblk1.genblk1.genblk1.genblk1.lut2 (4 -> 0)
  Optimizing lut $auto$abc9_ops.cc:1549:reintegrate$2534.genblk1.genblk1.genblk1.genblk1.genblk1.genblk1.lut3 (4 -> 0)
  Optimizing lut $auto$abc9_ops.cc:1549:reintegrate$2533.genblk1.genblk1.genblk1.genblk1.genblk1.genblk1.lut2 (4 -> 0)
  Optimizing lut $auto$abc9_ops.cc:1549:reintegrate$2533.genblk1.genblk1.genblk1.genblk1.genblk1.genblk1.lut3 (4 -> 0)
  Optimizing lut $auto$abc9_ops.cc:1549:reintegrate$2532.genblk1.genblk1.genblk1.genblk1.genblk1.genblk1.lut2 (4 -> 0)
  Optimizing lut $auto$abc9_ops.cc:1549:reintegrate$2532.genblk1.genblk1.genblk1.genblk1.genblk1.genblk1.lut3 (4 -> 0)
  Optimizing lut $auto$abc9_ops.cc:1549:reintegrate$2531.genblk1.genblk1.genblk1.genblk1.genblk1.genblk1.lut2 (4 -> 0)
  Optimizing lut $auto$abc9_ops.cc:1549:reintegrate$2531.genblk1.genblk1.genblk1.genblk1.genblk1.genblk1.lut3 (4 -> 0)
  Optimizing lut $auto$abc9_ops.cc:1549:reintegrate$2530.genblk1.genblk1.genblk1.genblk1.genblk1.genblk1.lut2 (4 -> 0)
  Optimizing lut $auto$abc9_ops.cc:1549:reintegrate$2530.genblk1.genblk1.genblk1.genblk1.genblk1.genblk1.lut3 (4 -> 0)
  Optimizing lut $auto$abc9_ops.cc:1549:reintegrate$2529.genblk1.genblk1.genblk1.genblk1.genblk1.genblk1.lut2 (4 -> 0)
  Optimizing lut $auto$abc9_ops.cc:1549:reintegrate$2529.genblk1.genblk1.genblk1.genblk1.genblk1.genblk1.lut3 (4 -> 0)
  Optimizing lut $abc$2524$lut$auto$rtlil.cc:3016:NotGate$1020.genblk1.genblk1.genblk1.genblk1.genblk1.lut1 (4 -> 0)
  Optimizing lut $abc$2524$lut\pmod_j2[6].genblk1.genblk1.genblk1.genblk1.genblk1.genblk1.lut2 (4 -> 0)
  Optimizing lut $abc$2524$lut\pmod_j2[6].genblk1.genblk1.genblk1.genblk1.genblk1.genblk1.lut1 (4 -> 0)
  Optimizing lut $abc$2524$lut$auto$opt_dff.cc:253:combine_resets$334.genblk1.genblk1.genblk1.genblk1.genblk1.lut0 (4 -> 3)
  Optimizing lut $abc$2524$lut$auto$opt_dff.cc:253:combine_resets$337.genblk1.genblk1.genblk1.genblk1.genblk1.lut0 (4 -> 1)
  Optimizing lut $abc$2524$lut$auto$wreduce.cc:514:run$350.genblk1.genblk1.genblk1.genblk1.genblk1.lut0 (4 -> 0)
  Optimizing lut $abc$2524$lut\pmod_j2[6].genblk1.genblk1.genblk1.genblk1.genblk1.genblk1.lut0 (4 -> 0)
  Optimizing lut $auto$abc9_ops.cc:1549:reintegrate$2528.genblk1.genblk1.genblk1.genblk1.genblk1.lut0 (4 -> 3)
  Optimizing lut $auto$abc9_ops.cc:1549:reintegrate$2529.genblk1.genblk1.genblk1.genblk1.genblk1.genblk1.lut0 (4 -> 0)
  Optimizing lut $auto$abc9_ops.cc:1549:reintegrate$2530.genblk1.genblk1.genblk1.genblk1.genblk1.genblk1.lut0 (4 -> 0)
  Optimizing lut $auto$abc9_ops.cc:1549:reintegrate$2531.genblk1.genblk1.genblk1.genblk1.genblk1.genblk1.lut0 (4 -> 0)
  Optimizing lut $auto$abc9_ops.cc:1549:reintegrate$2532.genblk1.genblk1.genblk1.genblk1.genblk1.genblk1.lut0 (4 -> 0)
  Optimizing lut $auto$abc9_ops.cc:1549:reintegrate$2533.genblk1.genblk1.genblk1.genblk1.genblk1.genblk1.lut0 (4 -> 0)
  Optimizing lut $auto$abc9_ops.cc:1549:reintegrate$2534.genblk1.genblk1.genblk1.genblk1.genblk1.genblk1.lut0 (4 -> 0)
Removed 0 unused cells and 36 unused wires.

2.46. Executing AUTONAME pass.
Renamed 433 objects in module top (13 iterations).
<suppressed ~155 debug messages>

2.47. Executing HIERARCHY pass (managing design hierarchy).
Attribute `top' found on module `top'. Setting top module to top.

2.47.1. Analyzing design hierarchy..
Top module:  \top

2.47.2. Analyzing design hierarchy..
Top module:  \top
Removed 0 unused modules.

2.48. Printing statistics.

=== top ===

   Number of wires:                 89
   Number of wire bits:            194
   Number of public wires:          89
   Number of public wire bits:     194
   Number of ports:                  5
   Number of port bits:             27
   Number of memories:               0
   Number of memory bits:            0
   Number of processes:              0
   Number of cells:                 89
     $scopeinfo                      2
     L6MUX21                         7
     LUT4                           48
     OSCG                            1
     PFUMX                          23
     TRELLIS_FF                      8

2.49. Executing CHECK pass (checking for obvious problems).
Checking module top...
Found and reported 0 problems.

2.50. Executing JSON backend.

End of script. Logfile hash: 1b2f494730, CPU: user 0.62s system 0.05s, MEM: 27.20 MB peak
Yosys 0.52 (git sha1 fee39a3284c90249e1d9684cf6944ffbbcbb8f90)
Time spent: 39% 20x read_verilog (0 sec), 8% 19x opt_clean (0 sec), ...
